Archive member included to satisfy reference by file (symbol)

/usr/lib/gcc/arm-none-eabi/13.2.1/../../../arm-none-eabi/lib/thumb/v7-m/nofp/libc_nano.a(libc_a-vsnprintf.o)
                              /workspaces/qgv/hovercar-gd32/build/obj/usart.o (vsnprintf)
/usr/lib/gcc/arm-none-eabi/13.2.1/../../../arm-none-eabi/lib/thumb/v7-m/nofp/libc_nano.a(libc_a-strlen-stub.o)
                              /workspaces/qgv/hovercar-gd32/build/obj/usart.o (strlen)
/usr/lib/gcc/arm-none-eabi/13.2.1/../../../arm-none-eabi/lib/thumb/v7-m/nofp/libc_nano.a(libc_a-impure.o)
                              /usr/lib/gcc/arm-none-eabi/13.2.1/../../../arm-none-eabi/lib/thumb/v7-m/nofp/libc_nano.a(libc_a-vsnprintf.o) (_impure_ptr)
/usr/lib/gcc/arm-none-eabi/13.2.1/../../../arm-none-eabi/lib/thumb/v7-m/nofp/libc_nano.a(libc_a-nano-svfprintf.o)
                              /usr/lib/gcc/arm-none-eabi/13.2.1/../../../arm-none-eabi/lib/thumb/v7-m/nofp/libc_nano.a(libc_a-vsnprintf.o) (_svfprintf_r)
/usr/lib/gcc/arm-none-eabi/13.2.1/../../../arm-none-eabi/lib/thumb/v7-m/nofp/libc_nano.a(libc_a-init.o)
                              /usr/lib/gcc/arm-none-eabi/13.2.1/../../../arm-none-eabi/lib/thumb/v7-m/nofp/crt0.o (__libc_init_array)
/usr/lib/gcc/arm-none-eabi/13.2.1/../../../arm-none-eabi/lib/thumb/v7-m/nofp/libc_nano.a(libc_a-puts.o)
                              /workspaces/qgv/hovercar-gd32/build/obj/main.o (puts)
/usr/lib/gcc/arm-none-eabi/13.2.1/../../../arm-none-eabi/lib/thumb/v7-m/nofp/libc_nano.a(libc_a-findfp.o)
                              /usr/lib/gcc/arm-none-eabi/13.2.1/../../../arm-none-eabi/lib/thumb/v7-m/nofp/libc_nano.a(libc_a-puts.o) (__sinit)
/usr/lib/gcc/arm-none-eabi/13.2.1/../../../arm-none-eabi/lib/thumb/v7-m/nofp/libc_nano.a(libc_a-strncasecmp.o)
                              /workspaces/qgv/hovercar-gd32/build/obj/usart.o (strncasecmp)
/usr/lib/gcc/arm-none-eabi/13.2.1/../../../arm-none-eabi/lib/thumb/v7-m/nofp/libc_nano.a(libc_a-memset.o)
                              /usr/lib/gcc/arm-none-eabi/13.2.1/../../../arm-none-eabi/lib/thumb/v7-m/nofp/crt0.o (memset)
/usr/lib/gcc/arm-none-eabi/13.2.1/../../../arm-none-eabi/lib/thumb/v7-m/nofp/libc_nano.a(libc_a-fflush.o)
                              /usr/lib/gcc/arm-none-eabi/13.2.1/../../../arm-none-eabi/lib/thumb/v7-m/nofp/libc_nano.a(libc_a-findfp.o) (_fflush_r)
/usr/lib/gcc/arm-none-eabi/13.2.1/../../../arm-none-eabi/lib/thumb/v7-m/nofp/libc_nano.a(libc_a-nano-vfprintf_float.o)
                              /usr/lib/gcc/arm-none-eabi/13.2.1/../../../arm-none-eabi/lib/thumb/v7-m/nofp/libc_nano.a(libc_a-nano-svfprintf.o) (_printf_float)
/usr/lib/gcc/arm-none-eabi/13.2.1/../../../arm-none-eabi/lib/thumb/v7-m/nofp/libc_nano.a(libc_a-mallocr.o)
                              /usr/lib/gcc/arm-none-eabi/13.2.1/../../../arm-none-eabi/lib/thumb/v7-m/nofp/libc_nano.a(libc_a-nano-svfprintf.o) (_malloc_r)
/usr/lib/gcc/arm-none-eabi/13.2.1/../../../arm-none-eabi/lib/thumb/v7-m/nofp/libc_nano.a(libc_a-dtoa.o)
                              /usr/lib/gcc/arm-none-eabi/13.2.1/../../../arm-none-eabi/lib/thumb/v7-m/nofp/libc_nano.a(libc_a-nano-vfprintf_float.o) (_dtoa_r)
/usr/lib/gcc/arm-none-eabi/13.2.1/../../../arm-none-eabi/lib/thumb/v7-m/nofp/libc_nano.a(libc_a-freer.o)
                              /usr/lib/gcc/arm-none-eabi/13.2.1/../../../arm-none-eabi/lib/thumb/v7-m/nofp/libc_nano.a(libc_a-nano-svfprintf.o) (_free_r)
/usr/lib/gcc/arm-none-eabi/13.2.1/../../../arm-none-eabi/lib/thumb/v7-m/nofp/libc_nano.a(libc_a-memmove.o)
                              /usr/lib/gcc/arm-none-eabi/13.2.1/../../../arm-none-eabi/lib/thumb/v7-m/nofp/libc_nano.a(libc_a-nano-svfprintf.o) (memmove)
/usr/lib/gcc/arm-none-eabi/13.2.1/../../../arm-none-eabi/lib/thumb/v7-m/nofp/libc_nano.a(libc_a-atoi.o)
                              /workspaces/qgv/hovercar-gd32/build/obj/usart.o (atoi)
/usr/lib/gcc/arm-none-eabi/13.2.1/../../../arm-none-eabi/lib/thumb/v7-m/nofp/libc_nano.a(libc_a-strtol.o)
                              /usr/lib/gcc/arm-none-eabi/13.2.1/../../../arm-none-eabi/lib/thumb/v7-m/nofp/libc_nano.a(libc_a-atoi.o) (_strtol_r)
/usr/lib/gcc/arm-none-eabi/13.2.1/../../../arm-none-eabi/lib/thumb/v7-m/nofp/libc_nano.a(libc_a-fwalk.o)
                              /usr/lib/gcc/arm-none-eabi/13.2.1/../../../arm-none-eabi/lib/thumb/v7-m/nofp/libc_nano.a(libc_a-findfp.o) (_fwalk_sglue)
/usr/lib/gcc/arm-none-eabi/13.2.1/../../../arm-none-eabi/lib/thumb/v7-m/nofp/libc_nano.a(libc_a-wsetup.o)
                              /usr/lib/gcc/arm-none-eabi/13.2.1/../../../arm-none-eabi/lib/thumb/v7-m/nofp/libc_nano.a(libc_a-puts.o) (__swsetup_r)
/usr/lib/gcc/arm-none-eabi/13.2.1/../../../arm-none-eabi/lib/thumb/v7-m/nofp/libc_nano.a(libc_a-memcpy.o)
                              /workspaces/qgv/hovercar-gd32/build/obj/remote.o (memcpy)
/usr/lib/gcc/arm-none-eabi/13.2.1/../../../arm-none-eabi/lib/thumb/v7-m/nofp/libc_nano.a(libc_a-malloc.o)
[...]
Memory Configuration

Name             Origin             Length             Attributes
FLASH            0x08000000         0x00040000         xr
RAM              0x20000000         0x0000c000         xrw
*default*        0x00000000         0xffffffff

Linker script and memory map

LOAD /usr/lib/gcc/arm-none-eabi/13.2.1/thumb/v7-m/nofp/crti.o
LOAD /usr/lib/gcc/arm-none-eabi/13.2.1/thumb/v7-m/nofp/crtbegin.o
LOAD /usr/lib/gcc/arm-none-eabi/13.2.1/../../../arm-none-eabi/lib/thumb/v7-m/nofp/crt0.o
LOAD /workspaces/qgv/hovercar-gd32/build/obj/main.o
LOAD /workspaces/qgv/hovercar-gd32/build/obj/buzzer.o
LOAD /workspaces/qgv/hovercar-gd32/build/obj/bldc.o
LOAD /workspaces/qgv/hovercar-gd32/build/obj/setup.o
LOAD /workspaces/qgv/hovercar-gd32/build/obj/remote.o
LOAD /workspaces/qgv/hovercar-gd32/build/obj/usart.o
LOAD /workspaces/qgv/hovercar-gd32/build/obj/power.o
LOAD /workspaces/qgv/hovercar-gd32/build/obj/gd32f10x_gpio.o
LOAD /workspaces/qgv/hovercar-gd32/build/obj/gd32f10x_rcu.o
LOAD /workspaces/qgv/hovercar-gd32/build/obj/gd32f10x_timer.o
LOAD /workspaces/qgv/hovercar-gd32/build/obj/gd32f10x_adc.o
LOAD /workspaces/qgv/hovercar-gd32/build/obj/gd32f10x_dma.o
LOAD /workspaces/qgv/hovercar-gd32/build/obj/gd32f10x_usart.o
LOAD /workspaces/qgv/hovercar-gd32/build/obj/gd32f10x_fwdgt.o
LOAD /workspaces/qgv/hovercar-gd32/build/obj/gd32f10x_fmc.o
LOAD /workspaces/qgv/hovercar-gd32/build/obj/gd32f10x_misc.o
LOAD /workspaces/qgv/hovercar-gd32/build/obj/system_gd32f10x.o
LOAD /workspaces/qgv/hovercar-gd32/build/obj/startup_gd32f10x_md.o
LOAD /usr/lib/gcc/arm-none-eabi/13.2.1/../../../arm-none-eabi/lib/thumb/v7-m/nofp/libc_nano.a
LOAD /usr/lib/gcc/arm-none-eabi/13.2.1/../../../arm-none-eabi/lib/thumb/v7-m/nofp/libm.a
LOAD /usr/lib/gcc/arm-none-eabi/13.2.1/../../../arm-none-eabi/lib/thumb/v7-m/nofp/libnosys.a
START GROUP
LOAD /usr/lib/gcc/arm-none-eabi/13.2.1/thumb/v7-m/nofp/libgcc.a
LOAD /usr/lib/gcc/arm-none-eabi/13.2.1/../../../arm-none-eabi/lib/thumb/v7-m/nofp/libc_nano.a
END GROUP
START GROUP
LOAD /usr/lib/gcc/arm-none-eabi/13.2.1/thumb/v7-m/nofp/libgcc.a
LOAD /usr/lib/gcc/arm-none-eabi/13.2.1/../../../arm-none-eabi/lib/thumb/v7-m/nofp/libc_nano.a
END GROUP
LOAD /usr/lib/gcc/arm-none-eabi/13.2.1/thumb/v7-m/nofp/crtend.o
LOAD /usr/lib/gcc/arm-none-eabi/13.2.1/thumb/v7-m/nofp/crtn.o
                0x2000c000                        _estack = (ORIGIN (RAM) + LENGTH (RAM))

.isr_vector     0x08000000      0x130
 *(.isr_vector)
 .isr_vector    0x08000000      0x130 /workspaces/qgv/hovercar-gd32/build/obj/startup_gd32f10x_md.o
                0x08000000                g_pfnVectors

.text           0x08000130     0xb8c8
 *(.text*)
 .text.main     0x08000130       0x5c /workspaces/qgv/hovercar-gd32/build/obj/main.o
                0x08000130                main
 .text.system_init
                0x0800018c       0x78 /workspaces/qgv/hovercar-gd32/build/obj/main.o
 .text.BatteryVoltageCheck_Disable
                0x08000204       0x18 /workspaces/qgv/hovercar-gd32/build/obj/main.o
                0x08000204                BatteryVoltageCheck_Disable
 .text.BatteryVoltageCheck_IsEnabled
                0x0800021c       0x14 /workspaces/qgv/hovercar-gd32/build/obj/main.o
                0x0800021c                BatteryVoltageCheck_IsEnabled
 .text.control_loop
                0x08000230      0x114 /workspaces/qgv/hovercar-gd32/build/obj/main.o
 .text.safety_check
                0x08000344      0x180 /workspaces/qgv/hovercar-gd32/build/obj/main.o
 .text.process_remote_input
                0x080004c4      0x188 /workspaces/qgv/hovercar-gd32/build/obj/main.o
 .text.handle_button_input
                0x0800064c       0xe8 /workspaces/qgv/hovercar-gd32/build/obj/main.o
 .text.update_led_indicator
                0x08000734      0x108 /workspaces/qgv/hovercar-gd32/build/obj/main.o
 .text.startup_ramp_sequence
                0x0800083c       0xc0 /workspaces/qgv/hovercar-gd32/build/obj/main.o
 .text.shutdown_procedure
                0x080008fc       0x94 /workspaces/qgv/hovercar-gd32/build/obj/main.o
 .text.debug_output
                0x08000990       0xe0 /workspaces/qgv/hovercar-gd32/build/obj/main.o
 .text.buzzer_write
                0x08000a70       0x30 /workspaces/qgv/hovercar-gd32/build/obj/buzzer.o
 .text.buzzer_stop
                0x08000aa0       0x38 /workspaces/qgv/hovercar-gd32/build/obj/buzzer.o
 .text.buzzer_start_sequence
                0x08000ad8       0x38 /workspaces/qgv/hovercar-gd32/build/obj/buzzer.o
 .text.buzzer_schedule_step
                0x08000b10       0x74 /workspaces/qgv/hovercar-gd32/build/obj/buzzer.o
 .text.buzzer_advance_to_next_step
                0x08000b84       0x28 /workspaces/qgv/hovercar-gd32/build/obj/buzzer.o
 .text.Buzzer_Init
                0x08000bac       0x12 /workspaces/qgv/hovercar-gd32/build/obj/buzzer.o
                0x08000bac                Buzzer_Init
 *fill*         0x08000bbe        0x2 
 .text.beep_pattern
                0x08000bc0       0xa0 /workspaces/qgv/hovercar-gd32/build/obj/buzzer.o
                0x08000bc0                beep_pattern
 .text.Buzzer_Update
                0x08000c60       0xf4 /workspaces/qgv/hovercar-gd32/build/obj/buzzer.o
                0x08000c60                Buzzer_Update
 .text.Buzzer_Play
                0x08000d54      0x110 /workspaces/qgv/hovercar-gd32/build/obj/buzzer.o
                0x08000d54                Buzzer_Play
 .text.BLDC_Init
                0x08000e64       0x60 /workspaces/qgv/hovercar-gd32/build/obj/bldc.o
                0x08000e64                BLDC_Init
 .text.SetLeftMotorPWM
                0x08000ec4       0x40 /workspaces/qgv/hovercar-gd32/build/obj/bldc.o
                0x08000ec4                SetLeftMotorPWM
 .text.SetRightMotorPWM
                0x08000f04       0x40 /workspaces/qgv/hovercar-gd32/build/obj/bldc.o
                0x08000f04                SetRightMotorPWM
 .text.SetMotorsEnable
                0x08000f44       0x58 /workspaces/qgv/hovercar-gd32/build/obj/bldc.o
                0x08000f44                SetMotorsEnable
 .text.GetBatteryVoltage
                0x08000f9c       0x14 /workspaces/qgv/hovercar-gd32/build/obj/bldc.o
                0x08000f9c                GetBatteryVoltage
 .text.GetTotalCurrent
                0x08000fb0       0x14 /workspaces/qgv/hovercar-gd32/build/obj/bldc.o
                0x08000fb0                GetTotalCurrent
 .text.GetLeftMotorSpeed
                0x08000fc4       0x14 /workspaces/qgv/hovercar-gd32/build/obj/bldc.o
                0x08000fc4                GetLeftMotorSpeed
 .text.GetRightMotorSpeed
                0x08000fd8       0x14 /workspaces/qgv/hovercar-gd32/build/obj/bldc.o
                0x08000fd8                GetRightMotorSpeed
 .text.Mixer    0x08000fec      0x1a4 /workspaces/qgv/hovercar-gd32/build/obj/bldc.o
                0x08000fec                Mixer
 .text.NVIC_SetPriority
                0x08001190       0x54 /workspaces/qgv/hovercar-gd32/build/obj/setup.o
 .text.SysTick_Config
                0x080011e4       0x44 /workspaces/qgv/hovercar-gd32/build/obj/setup.o
 .text.SystemClock_Init
                0x08001228       0x88 /workspaces/qgv/hovercar-gd32/build/obj/setup.o
                0x08001228                SystemClock_Init
 .text.SysTick_Init
                0x080012b0       0x4c /workspaces/qgv/hovercar-gd32/build/obj/setup.o
                0x080012b0                SysTick_Init
 .text.GPIO_Init
                0x080012fc       0x58 /workspaces/qgv/hovercar-gd32/build/obj/setup.o
                0x080012fc                GPIO_Init
 .text.PWM_Timer_Init
                0x08001354       0x34 /workspaces/qgv/hovercar-gd32/build/obj/setup.o
                0x08001354                PWM_Timer_Init
 .text.ADC_Init
                0x08001388       0x30 /workspaces/qgv/hovercar-gd32/build/obj/setup.o
                0x08001388                ADC_Init
 .text.Watchdog_Init
                0x080013b8       0x50 /workspaces/qgv/hovercar-gd32/build/obj/setup.o
                0x080013b8                Watchdog_Init
 .text.Delay    0x08001408       0x34 /workspaces/qgv/hovercar-gd32/build/obj/setup.o
                0x08001408                Delay
 .text.GetSystemTicks
                0x0800143c       0x14 /workspaces/qgv/hovercar-gd32/build/obj/setup.o
                0x0800143c                GetSystemTicks
 .text.init_pwm_pins
                0x08001450       0x68 /workspaces/qgv/hovercar-gd32/build/obj/setup.o
 .text.init_hall_pins
                0x080014b8       0x2c /workspaces/qgv/hovercar-gd32/build/obj/setup.o
 .text.init_control_pins
                0x080014e4       0x54 /workspaces/qgv/hovercar-gd32/build/obj/setup.o
 .text.init_adc_pins
                0x08001538       0x34 /workspaces/qgv/hovercar-gd32/build/obj/setup.o
 .text.init_left_motor_timer
                0x0800156c       0xde /workspaces/qgv/hovercar-gd32/build/obj/setup.o
 .text.init_right_motor_timer
                0x0800164a       0x10 /workspaces/qgv/hovercar-gd32/build/obj/setup.o
 *fill*         0x0800165a        0x2 
 .text.init_timer3
                0x0800165c       0x74 /workspaces/qgv/hovercar-gd32/build/obj/setup.o
 .text.init_timer4
                0x080016d0       0x8c /workspaces/qgv/hovercar-gd32/build/obj/setup.o
 .text.init_adc_peripheral
                0x0800175c       0x44 /workspaces/qgv/hovercar-gd32/build/obj/setup.o
 .text.init_adc_dma
                0x080017a0       0x74 /workspaces/qgv/hovercar-gd32/build/obj/setup.o
 .text.SysTick_Handler
                0x08001814       0x1c /workspaces/qgv/hovercar-gd32/build/obj/setup.o
                0x08001814                SysTick_Handler
 .text.DMA0_Channel0_IRQHandler
                0x08001830       0x28 /workspaces/qgv/hovercar-gd32/build/obj/setup.o
                0x08001830                DMA0_Channel0_IRQHandler
 .text.Remote_Update
                0x08001858       0xdc /workspaces/qgv/hovercar-gd32/build/obj/remote.o
                0x08001858                Remote_Update
 .text.Remote_GetChannel
                0x08001934       0x3c /workspaces/qgv/hovercar-gd32/build/obj/remote.o
                0x08001934                Remote_GetChannel
 .text.Remote_GetThrottle
                0x08001970       0x10 /workspaces/qgv/hovercar-gd32/build/obj/remote.o
                0x08001970                Remote_GetThrottle
 .text.Remote_GetSteering
                0x08001980       0x10 /workspaces/qgv/hovercar-gd32/build/obj/remote.o
                0x08001980                Remote_GetSteering
 .text.Remote_GetEnable
                0x08001990       0x28 /workspaces/qgv/hovercar-gd32/build/obj/remote.o
                0x08001990                Remote_GetEnable
 .text.Remote_IsConnected
                0x080019b8       0x14 /workspaces/qgv/hovercar-gd32/build/obj/remote.o
                0x080019b8                Remote_IsConnected
 .text.convert_to_standard
                0x080019cc       0x82 /workspaces/qgv/hovercar-gd32/build/obj/remote.o
 *fill*         0x08001a4e        0x2 
 .text.map_adc_to_channel
                0x08001a50       0x34 /workspaces/qgv/hovercar-gd32/build/obj/remote.o
 .text.NVIC_SystemReset
                0x08001a84       0x2c /workspaces/qgv/hovercar-gd32/build/obj/usart.o
 .text.USART_Init
                0x08001ab0       0x74 /workspaces/qgv/hovercar-gd32/build/obj/usart.o
                0x08001ab0                USART_Init
 .text.USART_SendString
                0x08001b24       0x58 /workspaces/qgv/hovercar-gd32/build/obj/usart.o
                0x08001b24                USART_SendString
 .text.USART_SendData
                0x08001b7c       0x5c /workspaces/qgv/hovercar-gd32/build/obj/usart.o
                0x08001b7c                USART_SendData
 .text.USART_Printf
                0x08001bd8       0x36 /workspaces/qgv/hovercar-gd32/build/obj/usart.o
                0x08001bd8                USART_Printf
 *fill*         0x08001c0e        0x2 
 .text.process_received_char
                0x08001c10       0xf8 /workspaces/qgv/hovercar-gd32/build/obj/usart.o
 .text.parse_pwm_value
                0x08001d08       0x3c /workspaces/qgv/hovercar-gd32/build/obj/usart.o
 .text.read_hall_pin
                0x08001d44       0x2a /workspaces/qgv/hovercar-gd32/build/obj/usart.o
 *fill*         0x08001d6e        0x2 
 .text.print_hall_pin_state
                0x08001d70       0x28 /workspaces/qgv/hovercar-gd32/build/obj/usart.o
 .text.parse_pin_string
                0x08001d98      0x164 /workspaces/qgv/hovercar-gd32/build/obj/usart.o
 .text.cmd_gpio_read
                0x08001efc       0x50 /workspaces/qgv/hovercar-gd32/build/obj/usart.o
 .text.cmd_gpio_write
                0x08001f4c       0x80 /workspaces/qgv/hovercar-gd32/build/obj/usart.o
 .text.calculate_pwm_timer_params
                0x08001fcc       0x88 /workspaces/qgv/hovercar-gd32/build/obj/usart.o
 .text.cmd_pwm_all
                0x08002054      0x278 /workspaces/qgv/hovercar-gd32/build/obj/usart.o
 .text.cmd_pwm_pin
                0x080022cc      0x14c /workspaces/qgv/hovercar-gd32/build/obj/usart.o
 .text.process_command
                0x08002418      0xe4c /workspaces/qgv/hovercar-gd32/build/obj/usart.o
 .text.USART2_IRQHandler
                0x08003264       0x58 /workspaces/qgv/hovercar-gd32/build/obj/usart.o
                0x08003264                USART2_IRQHandler
 .text._write   0x080032bc       0x22 /workspaces/qgv/hovercar-gd32/build/obj/usart.o
                0x080032bc                _write
 *fill*         0x080032de        0x2 
 .text.PowerLatch_Init
                0x080032e0       0x30 /workspaces/qgv/hovercar-gd32/build/obj/power.o
                0x080032e0                PowerLatch_Init
 .text.PowerLatch_Latch
                0x08003310       0x2c /workspaces/qgv/hovercar-gd32/build/obj/power.o
                0x08003310                PowerLatch_Latch
 .text.PowerLatch_Release
                0x0800333c       0x2c /workspaces/qgv/hovercar-gd32/build/obj/power.o
                0x0800333c                PowerLatch_Release
 .text.gpio_init
                0x08003368      0x146 /workspaces/qgv/hovercar-gd32/build/obj/gd32f10x_gpio.o
                0x08003368                gpio_init
 .text.gpio_bit_set
                0x080034ae       0x1e /workspaces/qgv/hovercar-gd32/build/obj/gd32f10x_gpio.o
                0x080034ae                gpio_bit_set
 .text.gpio_bit_reset
                0x080034cc       0x1e /workspaces/qgv/hovercar-gd32/build/obj/gd32f10x_gpio.o
                0x080034cc                gpio_bit_reset
 .text.gpio_input_bit_get
                0x080034ea       0x28 /workspaces/qgv/hovercar-gd32/build/obj/gd32f10x_gpio.o
                0x080034ea                gpio_input_bit_get
 *fill*         0x08003512        0x2 
 .text.gpio_pin_remap_config
                0x08003514       0xe4 /workspaces/qgv/hovercar-gd32/build/obj/gd32f10x_gpio.o
                0x08003514                gpio_pin_remap_config
 .text.rcu_periph_clock_enable
                0x080035f8       0x44 /workspaces/qgv/hovercar-gd32/build/obj/gd32f10x_rcu.o
                0x080035f8                rcu_periph_clock_enable
 .text.rcu_periph_reset_enable
                0x0800363c       0x44 /workspaces/qgv/hovercar-gd32/build/obj/gd32f10x_rcu.o
                0x0800363c                rcu_periph_reset_enable
 .text.rcu_periph_reset_disable
                0x08003680       0x48 /workspaces/qgv/hovercar-gd32/build/obj/gd32f10x_rcu.o
                0x08003680                rcu_periph_reset_disable
 .text.rcu_system_clock_source_config
                0x080036c8       0x30 /workspaces/qgv/hovercar-gd32/build/obj/gd32f10x_rcu.o
                0x080036c8                rcu_system_clock_source_config
 .text.rcu_system_clock_source_get
                0x080036f8       0x18 /workspaces/qgv/hovercar-gd32/build/obj/gd32f10x_rcu.o
                0x080036f8                rcu_system_clock_source_get
 .text.rcu_ahb_clock_config
                0x08003710       0x30 /workspaces/qgv/hovercar-gd32/build/obj/gd32f10x_rcu.o
                0x08003710                rcu_ahb_clock_config
 .text.rcu_apb1_clock_config
                0x08003740       0x30 /workspaces/qgv/hovercar-gd32/build/obj/gd32f10x_rcu.o
                0x08003740                rcu_apb1_clock_config
 .text.rcu_apb2_clock_config
                0x08003770       0x30 /workspaces/qgv/hovercar-gd32/build/obj/gd32f10x_rcu.o
                0x08003770                rcu_apb2_clock_config
 .text.rcu_pll_config
                0x080037a0       0x40 /workspaces/qgv/hovercar-gd32/build/obj/gd32f10x_rcu.o
                0x080037a0                rcu_pll_config
 .text.rcu_adc_clock_config
                0x080037e0       0x70 /workspaces/qgv/hovercar-gd32/build/obj/gd32f10x_rcu.o
                0x080037e0                rcu_adc_clock_config
 .text.rcu_flag_get
                0x08003850       0x3c /workspaces/qgv/hovercar-gd32/build/obj/gd32f10x_rcu.o
                0x08003850                rcu_flag_get
 .text.rcu_all_reset_flag_clear
                0x0800388c       0x1c /workspaces/qgv/hovercar-gd32/build/obj/gd32f10x_rcu.o
                0x0800388c                rcu_all_reset_flag_clear
 .text.rcu_osci_stab_wait
                0x080038a8      0x168 /workspaces/qgv/hovercar-gd32/build/obj/gd32f10x_rcu.o
                0x080038a8                rcu_osci_stab_wait
 .text.rcu_osci_on
                0x08003a10       0x44 /workspaces/qgv/hovercar-gd32/build/obj/gd32f10x_rcu.o
                0x08003a10                rcu_osci_on
 .text.timer_deinit
                0x08003a54      0x130 /workspaces/qgv/hovercar-gd32/build/obj/gd32f10x_timer.o
                0x08003a54                timer_deinit
 .text.timer_init
                0x08003b84      0x148 /workspaces/qgv/hovercar-gd32/build/obj/gd32f10x_timer.o
                0x08003b84                timer_init
 .text.timer_enable
                0x08003ccc       0x1e /workspaces/qgv/hovercar-gd32/build/obj/gd32f10x_timer.o
                0x08003ccc                timer_enable
 .text.timer_disable
                0x08003cea       0x1e /workspaces/qgv/hovercar-gd32/build/obj/gd32f10x_timer.o
                0x08003cea                timer_disable
 .text.timer_auto_reload_shadow_enable
                0x08003d08       0x1e /workspaces/qgv/hovercar-gd32/build/obj/gd32f10x_timer.o
                0x08003d08                timer_auto_reload_shadow_enable
 .text.timer_event_software_generate
                0x08003d26       0x26 /workspaces/qgv/hovercar-gd32/build/obj/gd32f10x_timer.o
                0x08003d26                timer_event_software_generate
 .text.timer_break_config
                0x08003d4c       0x4e /workspaces/qgv/hovercar-gd32/build/obj/gd32f10x_timer.o
                0x08003d4c                timer_break_config
 *fill*         0x08003d9a        0x2 
 .text.timer_channel_output_config
                0x08003d9c      0x3dc /workspaces/qgv/hovercar-gd32/build/obj/gd32f10x_timer.o
                0x08003d9c                timer_channel_output_config
 .text.timer_channel_output_mode_config
                0x08004178       0xc4 /workspaces/qgv/hovercar-gd32/build/obj/gd32f10x_timer.o
                0x08004178                timer_channel_output_mode_config
 .text.timer_channel_output_pulse_value_config
                0x0800423c       0x68 /workspaces/qgv/hovercar-gd32/build/obj/gd32f10x_timer.o
                0x0800423c                timer_channel_output_pulse_value_config
 .text.timer_channel_output_shadow_config
                0x080042a4       0xc4 /workspaces/qgv/hovercar-gd32/build/obj/gd32f10x_timer.o
                0x080042a4                timer_channel_output_shadow_config
 .text.adc_deinit
                0x08004368       0x78 /workspaces/qgv/hovercar-gd32/build/obj/gd32f10x_adc.o
                0x08004368                adc_deinit
 .text.adc_mode_config
                0x080043e0       0x30 /workspaces/qgv/hovercar-gd32/build/obj/gd32f10x_adc.o
                0x080043e0                adc_mode_config
 .text.adc_special_function_config
                0x08004410       0xbc /workspaces/qgv/hovercar-gd32/build/obj/gd32f10x_adc.o
                0x08004410                adc_special_function_config
 .text.adc_data_alignment_config
                0x080044cc       0x3c /workspaces/qgv/hovercar-gd32/build/obj/gd32f10x_adc.o
                0x080044cc                adc_data_alignment_config
 .text.adc_enable
                0x08004508       0x30 /workspaces/qgv/hovercar-gd32/build/obj/gd32f10x_adc.o
                0x08004508                adc_enable
 .text.adc_disable
                0x08004538       0x22 /workspaces/qgv/hovercar-gd32/build/obj/gd32f10x_adc.o
                0x08004538                adc_disable
 .text.adc_calibration_enable
                0x0800455a       0x54 /workspaces/qgv/hovercar-gd32/build/obj/gd32f10x_adc.o
                0x0800455a                adc_calibration_enable
 .text.adc_dma_mode_enable
                0x080045ae       0x22 /workspaces/qgv/hovercar-gd32/build/obj/gd32f10x_adc.o
                0x080045ae                adc_dma_mode_enable
 .text.adc_external_trigger_config
                0x080045d0       0x8a /workspaces/qgv/hovercar-gd32/build/obj/gd32f10x_adc.o
                0x080045d0                adc_external_trigger_config
 .text.dma_deinit
                0x0800465a       0xce /workspaces/qgv/hovercar-gd32/build/obj/gd32f10x_dma.o
                0x0800465a                dma_deinit
 .text.dma_init
                0x08004728      0x1f8 /workspaces/qgv/hovercar-gd32/build/obj/gd32f10x_dma.o
                0x08004728                dma_init
 .text.dma_circulation_enable
                0x08004920       0x56 /workspaces/qgv/hovercar-gd32/build/obj/gd32f10x_dma.o
                0x08004920                dma_circulation_enable
 .text.dma_channel_enable
                0x08004976       0x56 /workspaces/qgv/hovercar-gd32/build/obj/gd32f10x_dma.o
                0x08004976                dma_channel_enable
 .text.dma_interrupt_flag_get
                0x080049cc       0xda /workspaces/qgv/hovercar-gd32/build/obj/gd32f10x_dma.o
                0x080049cc                dma_interrupt_flag_get
 .text.dma_interrupt_flag_clear
                0x08004aa6       0x30 /workspaces/qgv/hovercar-gd32/build/obj/gd32f10x_dma.o
                0x08004aa6                dma_interrupt_flag_clear
 *fill*         0x08004ad6        0x2 
 .text.dma_periph_and_channel_check
                0x08004ad8       0x34 /workspaces/qgv/hovercar-gd32/build/obj/gd32f10x_dma.o
 .text.usart_data_transmit
                0x08004b0c       0x22 /workspaces/qgv/hovercar-gd32/build/obj/gd32f10x_usart.o
                0x08004b0c                usart_data_transmit
 .text.usart_data_receive
                0x08004b2e       0x20 /workspaces/qgv/hovercar-gd32/build/obj/gd32f10x_usart.o
                0x08004b2e                usart_data_receive
 .text.usart_flag_get
                0x08004b4e       0x38 /workspaces/qgv/hovercar-gd32/build/obj/gd32f10x_usart.o
                0x08004b4e                usart_flag_get
 .text.usart_interrupt_flag_get
                0x08004b86       0x68 /workspaces/qgv/hovercar-gd32/build/obj/gd32f10x_usart.o
                0x08004b86                usart_interrupt_flag_get
 .text.usart_interrupt_flag_clear
                0x08004bee       0x2e /workspaces/qgv/hovercar-gd32/build/obj/gd32f10x_usart.o
                0x08004bee                usart_interrupt_flag_clear
 .text.fwdgt_enable
                0x08004c1c       0x18 /workspaces/qgv/hovercar-gd32/build/obj/gd32f10x_fwdgt.o
                0x08004c1c                fwdgt_enable
 .text.fwdgt_counter_reload
                0x08004c34       0x18 /workspaces/qgv/hovercar-gd32/build/obj/gd32f10x_fwdgt.o
                0x08004c34                fwdgt_counter_reload
 .text.fwdgt_config
                0x08004c4c       0xa8 /workspaces/qgv/hovercar-gd32/build/obj/gd32f10x_fwdgt.o
                0x08004c4c                fwdgt_config
 .text.fmc_wscnt_set
                0x08004cf4       0x30 /workspaces/qgv/hovercar-gd32/build/obj/gd32f10x_fmc.o
                0x08004cf4                fmc_wscnt_set
 .text.My_SystemInit
                0x08004d24       0x78 /workspaces/qgv/hovercar-gd32/build/obj/system_gd32f10x.o
                0x08004d24                My_SystemInit
 .text.SystemInit
                0x08004d9c        0xc /workspaces/qgv/hovercar-gd32/build/obj/system_gd32f10x.o
                0x08004d9c                SystemInit
 .text.Reset_Handler
                0x08004da8       0x48 /workspaces/qgv/hovercar-gd32/build/obj/startup_gd32f10x_md.o
                0x08004da8                Reset_Handler
 .text.Default_Handler
                0x08004df0        0x2 /workspaces/qgv/hovercar-gd32/build/obj/startup_gd32f10x_md.o
                0x08004df0                RTC_Alarm_IRQHandler
                0x08004df0                EXTI2_IRQHandler
                0x08004df0                TIMER2_IRQHandler
                0x08004df0                TIMER5_IRQHandler
                0x08004df0                DebugMon_Handler
                0x08004df0                LVD_IRQHandler
                0x08004df0                TIMER0_BRK_IRQHandler
                0x08004df0                HardFault_Handler
                0x08004df0                ADC0_1_IRQHandler
                0x08004df0                TIMER0_UP_IRQHandler
                0x08004df0                SDIO_IRQHandler
                0x08004df0                PendSV_Handler
                0x08004df0                NMI_Handler
                0x08004df0                EXTI3_IRQHandler
                0x08004df0                TIMER3_IRQHandler
                0x08004df0                DMA0_Channel6_IRQHandler
                0x08004df0                I2C0_EV_IRQHandler
                0x08004df0                EXTI0_IRQHandler
                0x08004df0                UsageFault_Handler
                0x08004df0                TIMER4_IRQHandler
                0x08004df0                SPI1_IRQHandler
                0x08004df0                TAMPER_IRQHandler
                0x08004df0                DMA1_Channel0_IRQHandler
                0x08004df0                TIMER6_IRQHandler
                0x08004df0                DMA0_Channel3_IRQHandler
                0x08004df0                I2C0_ER_IRQHandler
                0x08004df0                RTC_IRQHandler
                0x08004df0                TIMER7_UP_IRQHandler
                0x08004df0                DMA0_Channel2_IRQHandler
                0x08004df0                USART0_IRQHandler
                0x08004df0                TIMER1_IRQHandler
                0x08004df0                TIMER7_TRG_CMT_IRQHandler
                0x08004df0                TIMER0_TRG_CMT_IRQHandler
                0x08004df0                I2C1_EV_IRQHandler
                0x08004df0                UART4_IRQHandler
                0x08004df0                EXTI10_15_IRQHandler
                0x08004df0                DMA1_Channel1_IRQHandler
                0x08004df0                Default_Handler
                0x08004df0                TIMER7_Channel_IRQHandler
                0x08004df0                WWDGT_IRQHandler
                0x08004df0                EXMC_IRQHandler
                0x08004df0                ADC2_IRQHandler
                0x08004df0                SPI2_IRQHandler
                0x08004df0                MemManage_Handler
                0x08004df0                USBD_WKUP_IRQHandler
                0x08004df0                SVC_Handler
                0x08004df0                TIMER7_BRK_IRQHandler
                0x08004df0                EXTI4_IRQHandler
                0x08004df0                USBD_HP_CAN0_TX_IRQHandler
                0x08004df0                CAN0_RX1_IRQHandler
                0x08004df0                DMA0_Channel5_IRQHandler
                0x08004df0                EXTI5_9_IRQHandler
                0x08004df0                RCU_IRQHandler
                0x08004df0                DMA0_Channel1_IRQHandler
                0x08004df0                TIMER0_Channel_IRQHandler
                0x08004df0                EXTI1_IRQHandler
                0x08004df0                SPI0_IRQHandler
                0x08004df0                DMA1_Channel3_4_IRQHandler
                0x08004df0                CAN0_EWMC_IRQHandler
                0x08004df0                DMA1_Channel2_IRQHandler
                0x08004df0                USBD_LP_CAN0_RX0_IRQHandler
                0x08004df0                BusFault_Handler
                0x08004df0                USART1_IRQHandler
                0x08004df0                UART3_IRQHandler
                0x08004df0                I2C1_ER_IRQHandler
                0x08004df0                FMC_IRQHandler
                0x08004df0                DMA0_Channel4_IRQHandler
 *fill*         0x08004df2        0x2 
 .text          0x08004df4       0xe4 /usr/lib/gcc/arm-none-eabi/13.2.1/../../../arm-none-eabi/lib/thumb/v7-m/nofp/libc_nano.a(libc_a-vsnprintf.o)
                0x08004df4                vsnprintf
                0x08004df4                vsniprintf
                0x08004e68                _vsnprintf_r
                0x08004e68                _vsniprintf_r
 .text          0x08004ed8       0x5c /usr/lib/gcc/arm-none-eabi/13.2.1/../../../arm-none-eabi/lib/thumb/v7-m/nofp/libc_nano.a(libc_a-strlen-stub.o)
                0x08004ed8                strlen
 .text          0x08004f34      0x400 /usr/lib/gcc/arm-none-eabi/13.2.1/../../../arm-none-eabi/lib/thumb/v7-m/nofp/libc_nano.a(libc_a-nano-svfprintf.o)
                0x08004f34                __ssputs_r
                0x08004ff4                __ssprint_r
                0x08005104                _svfprintf_r
                0x08005104                _svfiprintf_r
 .text          0x08005334       0x50 /usr/lib/gcc/arm-none-eabi/13.2.1/../../../arm-none-eabi/lib/thumb/v7-m/nofp/libc_nano.a(libc_a-init.o)
                0x08005334                __libc_init_array
 .text          0x08005384       0x98 /usr/lib/gcc/arm-none-eabi/13.2.1/../../../arm-none-eabi/lib/thumb/v7-m/nofp/libc_nano.a(libc_a-puts.o)
                0x08005384                _puts_r
                0x0800540c                puts
 .text          0x0800541c      0x224 /usr/lib/gcc/arm-none-eabi/13.2.1/../../../arm-none-eabi/lib/thumb/v7-m/nofp/libc_nano.a(libc_a-findfp.o)
                0x0800554c                __sfp
                0x080055f0                __sinit
                0x08005610                __sfp_lock_acquire
                0x08005614                __sfp_lock_release
                0x08005618                __fp_lock_all
                0x0800562c                __fp_unlock_all
 .text          0x08005640       0x54 /usr/lib/gcc/arm-none-eabi/13.2.1/../../../arm-none-eabi/lib/thumb/v7-m/nofp/libc_nano.a(libc_a-strncasecmp.o)
                0x08005640                strncasecmp
 .text          0x08005694       0xa0 /usr/lib/gcc/arm-none-eabi/13.2.1/../../../arm-none-eabi/lib/thumb/v7-m/nofp/libc_nano.a(libc_a-memset.o)
                0x08005694                memset
 .text          0x08005734      0x198 /usr/lib/gcc/arm-none-eabi/13.2.1/../../../arm-none-eabi/lib/thumb/v7-m/nofp/libc_nano.a(libc_a-fflush.o)
                0x08005734                __sflush_r
                0x08005848                _fflush_r
                0x08005880                fflush
 .text          0x080058cc      0x6f4 /usr/lib/gcc/arm-none-eabi/13.2.1/../../../arm-none-eabi/lib/thumb/v7-m/nofp/libc_nano.a(libc_a-nano-vfprintf_float.o)
                0x080058cc                __cvt
                0x080059f4                __exponent
                0x08005a7c                _printf_float
 .text          0x08005fc0      0x14c /usr/lib/gcc/arm-none-eabi/13.2.1/../../../arm-none-eabi/lib/thumb/v7-m/nofp/libc_nano.a(libc_a-mallocr.o)
                0x0800600c                _malloc_r
 *fill*         0x0800610c        0x4 
 .text          0x08006110      0xff0 /usr/lib/gcc/arm-none-eabi/13.2.1/../../../arm-none-eabi/lib/thumb/v7-m/nofp/libc_nano.a(libc_a-dtoa.o)
                0x0800624c                _dtoa_r
 .text          0x08007100       0xbc /usr/lib/gcc/arm-none-eabi/13.2.1/../../../arm-none-eabi/lib/thumb/v7-m/nofp/libc_nano.a(libc_a-freer.o)
                0x08007100                _free_r
 .text          0x080071bc       0xfc /usr/lib/gcc/arm-none-eabi/13.2.1/../../../arm-none-eabi/lib/thumb/v7-m/nofp/libc_nano.a(libc_a-memmove.o)
                0x080071bc                memmove
 .text          0x080072b8       0x10 /usr/lib/gcc/arm-none-eabi/13.2.1/../../../arm-none-eabi/lib/thumb/v7-m/nofp/libc_nano.a(libc_a-atoi.o)
                0x080072b8                atoi
                0x080072c0                _atoi_r
 .text          0x080072c8      0x174 /usr/lib/gcc/arm-none-eabi/13.2.1/../../../arm-none-eabi/lib/thumb/v7-m/nofp/libc_nano.a(libc_a-strtol.o)
                0x08007400                _strtol_r
                0x08007404                strtol_l
                0x08007420                strtol
 .text          0x0800743c       0x44 /usr/lib/gcc/arm-none-eabi/13.2.1/../../../arm-none-eabi/lib/thumb/v7-m/nofp/libc_nano.a(libc_a-fwalk.o)
                0x0800743c                _fwalk_sglue
 .text          0x08007480       0xc4 /usr/lib/gcc/arm-none-eabi/13.2.1/../../../arm-none-eabi/lib/thumb/v7-m/nofp/libc_nano.a(libc_a-wsetup.o)
                0x08007480                __swsetup_r
 .text          0x08007544       0xec /usr/lib/gcc/arm-none-eabi/13.2.1/../../../arm-none-eabi/lib/thumb/v7-m/nofp/libc_nano.a(libc_a-memcpy.o)
                0x08007544                memcpy
 .text          0x08007630       0x20 /usr/lib/gcc/arm-none-eabi/13.2.1/../../../arm-none-eabi/lib/thumb/v7-m/nofp/libc_nano.a(libc_a-malloc.o)
                0x08007630                malloc
                0x08007640                free
 .text          0x08007650       0x6c /usr/lib/gcc/arm-none-eabi/13.2.1/../../../arm-none-eabi/lib/thumb/v7-m/nofp/libc_nano.a(libc_a-strncpy.o)
                0x08007650                strncpy
 .text          0x080076bc       0x64 /usr/lib/gcc/arm-none-eabi/13.2.1/../../../arm-none-eabi/lib/thumb/v7-m/nofp/libc_nano.a(libc_a-reallocr.o)
                0x080076bc                _realloc_r
 .text          0x08007720      0x3a8 /usr/lib/gcc/arm-none-eabi/13.2.1/../../../arm-none-eabi/lib/thumb/v7-m/nofp/libc_nano.a(libc_a-nano-vfprintf_i.o)
                0x08007720                _printf_common
                0x08007844                _printf_i
 .text          0x08007ac8        0x8 /usr/lib/gcc/arm-none-eabi/13.2.1/../../../arm-none-eabi/lib/thumb/v7-m/nofp/libc_nano.a(libc_a-mlock.o)
                0x08007ac8                __malloc_lock
                0x08007acc                __malloc_unlock
 .text          0x08007ad0       0x8c /usr/lib/gcc/arm-none-eabi/13.2.1/../../../arm-none-eabi/lib/thumb/v7-m/nofp/libc_nano.a(libc_a-strncmp.o)
                0x08007ad0                strncmp
 .text          0x08007b5c      0x110 /usr/lib/gcc/arm-none-eabi/13.2.1/../../../arm-none-eabi/lib/thumb/v7-m/nofp/libc_nano.a(libc_a-makebuf.o)
                0x08007b5c                __smakebuf_r
                0x08007c20                __swhatbuf_r
 .text          0x08007c6c      0x1bc /usr/lib/gcc/arm-none-eabi/13.2.1/../../../arm-none-eabi/lib/thumb/v7-m/nofp/libc_nano.a(libc_a-strcmp.o)
                0x08007c6c                strcmp
 .text          0x08007e28       0x98 /usr/lib/gcc/arm-none-eabi/13.2.1/../../../arm-none-eabi/lib/thumb/v7-m/nofp/libc_nano.a(libc_a-memchr-stub.o)
                0x08007e28                memchr
 .text          0x08007ec0       0x48 /usr/lib/gcc/arm-none-eabi/13.2.1/../../../arm-none-eabi/lib/thumb/v7-m/nofp/libc_nano.a(libc_a-printf.o)
                0x08007ec0                _printf_r
                0x08007ec0                _iprintf_r
                0x08007ee0                printf
                0x08007ee0                iprintf
 .text          0x08007f08       0x24 /usr/lib/gcc/arm-none-eabi/13.2.1/../../../arm-none-eabi/lib/thumb/v7-m/nofp/libc_nano.a(libc_a-isattyr.o)
                0x08007f08                _isatty_r
 .text          0x08007f2c      0x2ec /usr/lib/gcc/arm-none-eabi/13.2.1/../../../arm-none-eabi/lib/thumb/v7-m/nofp/libc_nano.a(libc_a-nano-vfprintf.o)
                0x08007f54                __sfputs_r
                0x08007f84                __sprint_r
                0x08007fa4                _vfiprintf_r
                0x08007fa4                _vfprintf_r
                0x080081fc                vfiprintf
                0x080081fc                vfprintf
 .text          0x08008218       0x9c /usr/lib/gcc/arm-none-eabi/13.2.1/../../../arm-none-eabi/lib/thumb/v7-m/nofp/libc_nano.a(libc_a-wbuf.o)
                0x08008218                __swbuf_r
                0x080082a0                __swbuf
 .text          0x080082b4       0x4c /usr/lib/gcc/arm-none-eabi/13.2.1/../../../arm-none-eabi/lib/thumb/v7-m/nofp/libc_nano.a(libc_a-assert.o)
                0x080082b4                __assert_func
                0x080082f4                __assert
 .text          0x08008300      0xad0 /usr/lib/gcc/arm-none-eabi/13.2.1/../../../arm-none-eabi/lib/thumb/v7-m/nofp/libc_nano.a(libc_a-mprec.o)
                0x08008300                _Balloc
                0x08008380                _Bfree
                0x080083c8                __multadd
                0x08008464                __s2b
                0x08008514                __hi0bits
                0x08008558                __lo0bits
                0x080085b4                __i2b
                0x080085e0                __multiply
                0x08008744                __pow5mult
                0x08008824                __lshift
                0x0800890c                __mcmp
                0x0800894c                __mdiff
                0x08008ac4                __ulp
                0x08008b14                __b2d
                0x08008bc8                __d2b
                0x08008c84                __ratio
                0x08008ce0                _mprec_log10
                0x08008d18                __copybits
                0x08008d78                __any_on
 .text          0x08008dd0       0x24 /usr/lib/gcc/arm-none-eabi/13.2.1/../../../arm-none-eabi/lib/thumb/v7-m/nofp/libc_nano.a(libc_a-sbrkr.o)
                0x08008dd0                _sbrk_r
 .text          0x08008df4       0x94 /usr/lib/gcc/arm-none-eabi/13.2.1/../../../arm-none-eabi/lib/thumb/v7-m/nofp/libc_nano.a(libc_a-stdio.o)
                0x08008df4                __sread
                0x08008e18                __seofread
                0x08008e1c                __swrite
                0x08008e5c                __sseek
                0x08008e80                __sclose
 .text          0x08008e88       0x10 /usr/lib/gcc/arm-none-eabi/13.2.1/../../../arm-none-eabi/lib/thumb/v7-m/nofp/libc_nano.a(libc_a-msizer.o)
                0x08008e88                _malloc_usable_size_r
 .text          0x08008e98       0x14 /usr/lib/gcc/arm-none-eabi/13.2.1/../../../arm-none-eabi/lib/thumb/v7-m/nofp/libc_nano.a(libc_a-localeconv.o)
                0x08008e98                __localeconv_l
                0x08008e9c                _localeconv_r
                0x08008ea4                localeconv
 .text          0x08008eac      0x2ec /usr/lib/gcc/arm-none-eabi/13.2.1/../../../arm-none-eabi/lib/thumb/v7-m/nofp/libc_nano.a(libc_a-fvwrite.o)
                0x08008eac                __sfvwrite_r
 .text          0x08009198       0x10 /usr/lib/gcc/arm-none-eabi/13.2.1/../../../arm-none-eabi/lib/thumb/v7-m/nofp/libc_nano.a(libc_a-abort.o)
                0x08009198                abort
 .text          0x080091a8       0x24 /usr/lib/gcc/arm-none-eabi/13.2.1/../../../arm-none-eabi/lib/thumb/v7-m/nofp/libc_nano.a(libc_a-closer.o)
                0x080091a8                _close_r
 .text          0x080091cc       0x28 /usr/lib/gcc/arm-none-eabi/13.2.1/../../../arm-none-eabi/lib/thumb/v7-m/nofp/libc_nano.a(libc_a-callocr.o)
                0x080091cc                _calloc_r
 .text          0x080091f4        0xc /usr/lib/gcc/arm-none-eabi/13.2.1/../../../arm-none-eabi/lib/thumb/v7-m/nofp/libc_nano.a(libc_a-errno.o)
                0x080091f4                __errno
 .text          0x08009200       0x30 /usr/lib/gcc/arm-none-eabi/13.2.1/../../../arm-none-eabi/lib/thumb/v7-m/nofp/libc_nano.a(libc_a-wctomb_r.o)
                0x08009200                _wctomb_r
                0x08009214                __ascii_wctomb
 .text          0x08009230       0x2c /usr/lib/gcc/arm-none-eabi/13.2.1/../../../arm-none-eabi/lib/thumb/v7-m/nofp/libc_nano.a(libc_a-readr.o)
                0x08009230                _read_r
 .text          0x0800925c       0x44 /usr/lib/gcc/arm-none-eabi/13.2.1/../../../arm-none-eabi/lib/thumb/v7-m/nofp/libc_nano.a(libc_a-fprintf.o)
                0x0800925c                _fprintf_r
                0x0800925c                _fiprintf_r
                0x08009278                fprintf
                0x08009278                fiprintf
 .text          0x080092a0       0x28 /usr/lib/gcc/arm-none-eabi/13.2.1/../../../arm-none-eabi/lib/thumb/v7-m/nofp/libc_nano.a(libc_a-fstatr.o)
                0x080092a0                _fstat_r
 .text          0x080092c8       0x2c /usr/lib/gcc/arm-none-eabi/13.2.1/../../../arm-none-eabi/lib/thumb/v7-m/nofp/libc_nano.a(libc_a-lseekr.o)
                0x080092c8                _lseek_r
 .text          0x080092f4       0x2c /usr/lib/gcc/arm-none-eabi/13.2.1/../../../arm-none-eabi/lib/thumb/v7-m/nofp/libc_nano.a(libc_a-writer.o)
                0x080092f4                _write_r
 .text          0x08009320       0x40 /usr/lib/gcc/arm-none-eabi/13.2.1/../../../arm-none-eabi/lib/thumb/v7-m/nofp/libc_nano.a(libc_a-mbtowc_r.o)
                0x08009320                _mbtowc_r
                0x08009334                __ascii_mbtowc
 .text          0x08009360      0x264 /usr/lib/gcc/arm-none-eabi/13.2.1/../../../arm-none-eabi/lib/thumb/v7-m/nofp/libc_nano.a(libc_a-signal.o)
                0x08009360                _init_signal_r
                0x0800938c                _signal_r
                0x080093d8                _raise_r
                0x08009428                __sigtramp_r
                0x0800948c                raise
                0x080094e0                signal
                0x0800952c                _init_signal
                0x08009560                __sigtramp
 .text          0x080095c4       0x2c /usr/lib/gcc/arm-none-eabi/13.2.1/../../../arm-none-eabi/lib/thumb/v7-m/nofp/libc_nano.a(libc_a-signalr.o)
                0x080095c4                _kill_r
                0x080095ec                _getpid_r
 .text          0x080095f0       0x10 /usr/lib/gcc/arm-none-eabi/13.2.1/../../../arm-none-eabi/lib/thumb/v7-m/nofp/libnosys.a(close.o)
                0x080095f0                _close
 .text          0x08009600       0x10 /usr/lib/gcc/arm-none-eabi/13.2.1/../../../arm-none-eabi/lib/thumb/v7-m/nofp/libnosys.a(fstat.o)
                0x08009600                _fstat
 .text          0x08009610       0x10 /usr/lib/gcc/arm-none-eabi/13.2.1/../../../arm-none-eabi/lib/thumb/v7-m/nofp/libnosys.a(getpid.o)
                0x08009610                _getpid
 .text          0x08009620       0x10 /usr/lib/gcc/arm-none-eabi/13.2.1/../../../arm-none-eabi/lib/thumb/v7-m/nofp/libnosys.a(isatty.o)
                0x08009620                _isatty
 .text          0x08009630       0x10 /usr/lib/gcc/arm-none-eabi/13.2.1/../../../arm-none-eabi/lib/thumb/v7-m/nofp/libnosys.a(kill.o)
                0x08009630                _kill
 .text          0x08009640       0x10 /usr/lib/gcc/arm-none-eabi/13.2.1/../../../arm-none-eabi/lib/thumb/v7-m/nofp/libnosys.a(lseek.o)
                0x08009640                _lseek
 .text          0x08009650       0x10 /usr/lib/gcc/arm-none-eabi/13.2.1/../../../arm-none-eabi/lib/thumb/v7-m/nofp/libnosys.a(read.o)
                0x08009650                _read
 .text          0x08009660       0x1c /usr/lib/gcc/arm-none-eabi/13.2.1/../../../arm-none-eabi/lib/thumb/v7-m/nofp/libnosys.a(sbrk.o)
                0x08009660                _sbrk
 .text          0x0800967c        0x4 /usr/lib/gcc/arm-none-eabi/13.2.1/../../../arm-none-eabi/lib/thumb/v7-m/nofp/libnosys.a(_exit.o)
                0x0800967c                _exit
 .text          0x08009680      0x378 /usr/lib/gcc/arm-none-eabi/13.2.1/thumb/v7-m/nofp/libgcc.a(_arm_addsubdf3.o)
                0x08009680                __aeabi_drsub
                0x08009688                __aeabi_dsub
                0x08009688                __subdf3
                0x0800968c                __adddf3
                0x0800968c                __aeabi_dadd
                0x08009904                __aeabi_ui2d
                0x08009904                __floatunsidf
                0x08009924                __floatsidf
                0x08009924                __aeabi_i2d
                0x08009948                __extendsfdf2
                0x08009948                __aeabi_f2d
                0x0800998c                __aeabi_ul2d
                0x0800998c                __floatundidf
                0x0800999c                __floatdidf
                0x0800999c                __aeabi_l2d
 .text          0x080099f8      0x424 /usr/lib/gcc/arm-none-eabi/13.2.1/thumb/v7-m/nofp/libgcc.a(_arm_muldivdf3.o)
                0x080099f8                __aeabi_dmul
                0x080099f8                __muldf3
                0x08009c4c                __aeabi_ddiv
                0x08009c4c                __divdf3
 .text          0x08009e1c      0x110 /usr/lib/gcc/arm-none-eabi/13.2.1/thumb/v7-m/nofp/libgcc.a(_arm_cmpdf2.o)
                0x08009e1c                __gtdf2
                0x08009e1c                __gedf2
                0x08009e24                __ltdf2
                0x08009e24                __ledf2
                0x08009e2c                __cmpdf2
                0x08009e2c                __eqdf2
                0x08009e2c                __nedf2
                0x08009ea8                __aeabi_cdrcmple
                0x08009eb8                __aeabi_cdcmple
                0x08009eb8                __aeabi_cdcmpeq
                0x08009ec8                __aeabi_dcmpeq
                0x08009edc                __aeabi_dcmplt
                0x08009ef0                __aeabi_dcmple
                0x08009f04                __aeabi_dcmpge
                0x08009f18                __aeabi_dcmpgt
 .text          0x08009f2c       0x2c /usr/lib/gcc/arm-none-eabi/13.2.1/thumb/v7-m/nofp/libgcc.a(_arm_unorddf2.o)
                0x08009f2c                __aeabi_dcmpun
                0x08009f2c                __unorddf2
 .text          0x08009f58       0x50 /usr/lib/gcc/arm-none-eabi/13.2.1/thumb/v7-m/nofp/libgcc.a(_arm_fixdfsi.o)
                0x08009f58                __fixdfsi
                0x08009f58                __aeabi_d2iz
 .text          0x08009fa8      0x21c /usr/lib/gcc/arm-none-eabi/13.2.1/thumb/v7-m/nofp/libgcc.a(_arm_addsubsf3.o)
                0x08009fa8                __aeabi_frsub
                0x08009fb0                __subsf3
                0x08009fb0                __aeabi_fsub
                0x08009fb4                __aeabi_fadd
                0x08009fb4                __addsf3
                0x0800a114                __aeabi_ui2f
                0x0800a114                __floatunsisf
                0x0800a11c                __aeabi_i2f
                0x0800a11c                __floatsisf
                0x0800a138                __floatundisf
                0x0800a138                __aeabi_ul2f
                0x0800a148                __floatdisf
                0x0800a148                __aeabi_l2f
 .text          0x0800a1c4      0x2a0 /usr/lib/gcc/arm-none-eabi/13.2.1/thumb/v7-m/nofp/libgcc.a(_arm_muldivsf3.o)
                0x0800a1c4                __mulsf3
                0x0800a1c4                __aeabi_fmul
                0x0800a32c                __divsf3
                0x0800a32c                __aeabi_fdiv
 .text          0x0800a464       0xec /usr/lib/gcc/arm-none-eabi/13.2.1/thumb/v7-m/nofp/libgcc.a(_arm_cmpsf2.o)
                0x0800a464                __gtsf2
                0x0800a464                __gesf2
                0x0800a46c                __lesf2
                0x0800a46c                __ltsf2
                0x0800a474                __nesf2
                0x0800a474                __eqsf2
                0x0800a474                __cmpsf2
                0x0800a4d4                __aeabi_cfrcmple
                0x0800a4dc                __aeabi_cfcmple
                0x0800a4dc                __aeabi_cfcmpeq
                0x0800a4ec                __aeabi_fcmpeq
                0x0800a500                __aeabi_fcmplt
                0x0800a514                __aeabi_fcmple
                0x0800a528                __aeabi_fcmpge
                0x0800a53c                __aeabi_fcmpgt
 .text          0x0800a550       0x4c /usr/lib/gcc/arm-none-eabi/13.2.1/thumb/v7-m/nofp/libgcc.a(_arm_fixsfsi.o)
                0x0800a550                __fixsfsi
                0x0800a550                __aeabi_f2iz
 *(.rodata*)
 .rodata        0x0800a59c      0x258 /workspaces/qgv/hovercar-gd32/build/obj/main.o
 .rodata.buzzer_startup_sequence
                0x0800a7f4       0x24 /workspaces/qgv/hovercar-gd32/build/obj/buzzer.o
 .rodata.buzzer_shutdown_sequence
                0x0800a818       0x24 /workspaces/qgv/hovercar-gd32/build/obj/buzzer.o
 .rodata.buzzer_confirm_sequence
                0x0800a83c       0x18 /workspaces/qgv/hovercar-gd32/build/obj/buzzer.o
 .rodata.buzzer_cancel_sequence
                0x0800a854       0x12 /workspaces/qgv/hovercar-gd32/build/obj/buzzer.o
 *fill*         0x0800a866        0x2 
 .rodata.buzzer_info_sequence
                0x0800a868        0xc /workspaces/qgv/hovercar-gd32/build/obj/buzzer.o
 .rodata.buzzer_alert_sequence
                0x0800a874        0xc /workspaces/qgv/hovercar-gd32/build/obj/buzzer.o
 .rodata.buzzer_battery_low_sequence
                0x0800a880       0x12 /workspaces/qgv/hovercar-gd32/build/obj/buzzer.o
 *fill*         0x0800a892        0x2 
 .rodata.buzzer_init_sequence
                0x0800a894        0xc /workspaces/qgv/hovercar-gd32/build/obj/buzzer.o
 .rodata.buzzer_ready_sequence
                0x0800a8a0        0xc /workspaces/qgv/hovercar-gd32/build/obj/buzzer.o
 .rodata.buzzer_enable_sequence
                0x0800a8ac        0xc /workspaces/qgv/hovercar-gd32/build/obj/buzzer.o
 .rodata.buzzer_disable_sequence
                0x0800a8b8        0xc /workspaces/qgv/hovercar-gd32/build/obj/buzzer.o
 .rodata.buzzer_warning_sequence
                0x0800a8c4        0xc /workspaces/qgv/hovercar-gd32/build/obj/buzzer.o
 .rodata.buzzer_error_sequence
                0x0800a8d0        0xc /workspaces/qgv/hovercar-gd32/build/obj/buzzer.o
 .rodata.buzzer_ping_sequence
                0x0800a8dc        0xc /workspaces/qgv/hovercar-gd32/build/obj/buzzer.o
 .rodata        0x0800a8e8       0x36 /workspaces/qgv/hovercar-gd32/build/obj/bldc.o
 *fill*         0x0800a91e        0x2 
 .rodata        0x0800a920       0xef /workspaces/qgv/hovercar-gd32/build/obj/setup.o
 *fill*         0x0800aa0f        0x1 
 .rodata        0x0800aa10      0xc25 /workspaces/qgv/hovercar-gd32/build/obj/usart.o
 *fill*         0x0800b635        0x3 
 .rodata        0x0800b638       0x43 /workspaces/qgv/hovercar-gd32/build/obj/power.o
 *fill*         0x0800b67b        0x1 
 .rodata.str1.4
                0x0800b67c      0x136 /usr/lib/gcc/arm-none-eabi/13.2.1/../../../arm-none-eabi/lib/thumb/v7-m/nofp/libc_nano.a(libc_a-nano-svfprintf.o)
                                 0x13 (size before relaxing)
 .rodata.str1.4
                0x0800b7b2       0x12 /usr/lib/gcc/arm-none-eabi/13.2.1/../../../arm-none-eabi/lib/thumb/v7-m/nofp/libc_nano.a(libc_a-nano-vfprintf_float.o)
 .rodata.str1.4
                0x0800b7b2       0x69 /usr/lib/gcc/arm-none-eabi/13.2.1/../../../arm-none-eabi/lib/thumb/v7-m/nofp/libc_nano.a(libc_a-dtoa.o)
 .rodata.str1.4
                0x0800b7b2       0x25 /usr/lib/gcc/arm-none-eabi/13.2.1/../../../arm-none-eabi/lib/thumb/v7-m/nofp/libc_nano.a(libc_a-nano-vfprintf_i.o)
 *fill*         0x0800b7b2        0x2 
 .rodata        0x0800b7b4      0x101 /usr/lib/gcc/arm-none-eabi/13.2.1/../../../arm-none-eabi/lib/thumb/v7-m/nofp/libc_nano.a(libc_a-ctype_.o)
                0x0800b7b4                _ctype_
 .rodata.str1.4
                0x0800b8b5       0x13 /usr/lib/gcc/arm-none-eabi/13.2.1/../../../arm-none-eabi/lib/thumb/v7-m/nofp/libc_nano.a(libc_a-nano-vfprintf.o)
 .rodata.str1.4
                0x0800b8b5       0x43 /usr/lib/gcc/arm-none-eabi/13.2.1/../../../arm-none-eabi/lib/thumb/v7-m/nofp/libc_nano.a(libc_a-assert.o)
 .rodata.str1.4
                0x0800b8b5       0x59 /usr/lib/gcc/arm-none-eabi/13.2.1/../../../arm-none-eabi/lib/thumb/v7-m/nofp/libc_nano.a(libc_a-mprec.o)
 *fill*         0x0800b8b5        0x3 
 .rodata        0x0800b8b8      0x128 /usr/lib/gcc/arm-none-eabi/13.2.1/../../../arm-none-eabi/lib/thumb/v7-m/nofp/libc_nano.a(libc_a-mprec.o)
                0x0800b8c8                __mprec_tens
                0x0800b990                __mprec_tinytens
                0x0800b9b8                __mprec_bigtens
 .rodata.str1.4
                0x0800b9e0       0x12 /usr/lib/gcc/arm-none-eabi/13.2.1/../../../arm-none-eabi/lib/thumb/v7-m/nofp/libc_nano.a(libc_a-locale.o)
 *(.glue_7)
 .glue_7        0x0800b9e0        0x0 linker stubs
 *(.glue_7t)
 .glue_7t       0x0800b9e0        0x0 linker stubs
 *(.eh_frame)
 *(.init)
 .init          0x0800b9e0        0x4 /usr/lib/gcc/arm-none-eabi/13.2.1/thumb/v7-m/nofp/crti.o
                0x0800b9e0                _init
 .init          0x0800b9e4        0x8 /usr/lib/gcc/arm-none-eabi/13.2.1/thumb/v7-m/nofp/crtn.o
 *(.fini)
 .fini          0x0800b9ec        0x4 /usr/lib/gcc/arm-none-eabi/13.2.1/thumb/v7-m/nofp/crti.o
                0x0800b9ec                _fini
 .fini          0x0800b9f0        0x8 /usr/lib/gcc/arm-none-eabi/13.2.1/thumb/v7-m/nofp/crtn.o
                0x0800b9f8                        . = ALIGN (0x4)
                0x0800b9f8                        _etext = .
                0x0800ba00                        _sidata = LOADADDR (.data)

.vfp11_veneer   0x0800b9f8        0x0
 .vfp11_veneer  0x0800b9f8        0x0 linker stubs

.v4_bx          0x0800b9f8        0x0
 .v4_bx         0x0800b9f8        0x0 linker stubs

.iplt           0x0800b9f8        0x0
 .iplt          0x0800b9f8        0x0 /workspaces/qgv/hovercar-gd32/build/obj/main.o

.rel.dyn        0x0800b9f8        0x0
 .rel.iplt      0x0800b9f8        0x0 /workspaces/qgv/hovercar-gd32/build/obj/main.o

.ARM.exidx      0x0800b9f8        0x8
 .ARM.exidx     0x0800b9f8        0x8 /usr/lib/gcc/arm-none-eabi/13.2.1/../../../arm-none-eabi/lib/thumb/v7-m/nofp/libc_nano.a(libc_a-memcpy.o)
 .ARM.exidx     0x0800ba00        0x0 /usr/lib/gcc/arm-none-eabi/13.2.1/../../../arm-none-eabi/lib/thumb/v7-m/nofp/libc_nano.a(libc_a-strcmp.o)
                                  0x8 (size before relaxing)

.data           0x20000000      0x1dc load address 0x0800ba00
                0x20000000                        . = ALIGN (0x4)
                0x20000000                        _sdata = .
 *(.data*)
 .data.battery_voltage
                0x20000000        0x4 /workspaces/qgv/hovercar-gd32/build/obj/bldc.o
                0x20000000                battery_voltage
 .data.remote_config
                0x20000004        0xa /workspaces/qgv/hovercar-gd32/build/obj/remote.o
 *fill*         0x2000000e        0x2 
 .data.SystemCoreClock
                0x20000010        0x4 /workspaces/qgv/hovercar-gd32/build/obj/system_gd32f10x.o
                0x20000010                SystemCoreClock
 .data          0x20000014       0x50 /usr/lib/gcc/arm-none-eabi/13.2.1/../../../arm-none-eabi/lib/thumb/v7-m/nofp/libc_nano.a(libc_a-impure.o)
                0x20000014                _impure_ptr
                0x20000018                _impure_data
 .data          0x20000064        0xc /usr/lib/gcc/arm-none-eabi/13.2.1/../../../arm-none-eabi/lib/thumb/v7-m/nofp/libc_nano.a(libc_a-findfp.o)
                0x20000064                __sglue
 .data          0x20000070      0x16c /usr/lib/gcc/arm-none-eabi/13.2.1/../../../arm-none-eabi/lib/thumb/v7-m/nofp/libc_nano.a(libc_a-locale.o)
                0x20000070                __global_locale
                0x200001dc                        . = ALIGN (0x4)
                0x200001dc                        _edata = .

.igot.plt       0x200001dc        0x0 load address 0x0800bbdc
 .igot.plt      0x200001dc        0x0 /workspaces/qgv/hovercar-gd32/build/obj/main.o

.bss            0x200001dc      0x2d8 load address 0x0800bbdc
                0x200001dc                        . = ALIGN (0x4)
                0x200001dc                        _sbss = .
 *(.bss*)
 .bss.vehicle   0x200001dc        0xc /workspaces/qgv/hovercar-gd32/build/obj/main.o
                0x200001dc                vehicle
 .bss.inactivity_counter
                0x200001e8        0x4 /workspaces/qgv/hovercar-gd32/build/obj/main.o
 .bss.remote_timeout
                0x200001ec        0x1 /workspaces/qgv/hovercar-gd32/build/obj/main.o
 .bss.battery_voltage_check_enabled
                0x200001ed        0x1 /workspaces/qgv/hovercar-gd32/build/obj/main.o
 .bss.system_state
                0x200001ee        0x1 /workspaces/qgv/hovercar-gd32/build/obj/main.o
                0x200001ee                system_state
 *fill*         0x200001ef        0x1 
 .bss.last_loop_time.9
                0x200001f0        0x4 /workspaces/qgv/hovercar-gd32/build/obj/main.o
 .bss.debug_counter.8
                0x200001f4        0x4 /workspaces/qgv/hovercar-gd32/build/obj/main.o
 .bss.low_bat_blink.7
                0x200001f8        0x4 /workspaces/qgv/hovercar-gd32/build/obj/main.o
 .bss.error_count.6
                0x200001fc        0x1 /workspaces/qgv/hovercar-gd32/build/obj/main.o
 .bss.last_error.5
                0x200001fd        0x1 /workspaces/qgv/hovercar-gd32/build/obj/main.o
 .bss.filtered_throttle.4
                0x200001fe        0x2 /workspaces/qgv/hovercar-gd32/build/obj/main.o
 .bss.filtered_steering.3
                0x20000200        0x2 /workspaces/qgv/hovercar-gd32/build/obj/main.o
 .bss.button_handled.2
                0x20000202        0x1 /workspaces/qgv/hovercar-gd32/build/obj/main.o
 *fill*         0x20000203        0x1 
 .bss.button_press_time.1
                0x20000204        0x4 /workspaces/qgv/hovercar-gd32/build/obj/main.o
 .bss.led_counter.0
                0x20000208        0x4 /workspaces/qgv/hovercar-gd32/build/obj/main.o
 .bss.buzzer_state
                0x2000020c       0x10 /workspaces/qgv/hovercar-gd32/build/obj/buzzer.o
 .bss.left_motor
                0x2000021c        0xc /workspaces/qgv/hovercar-gd32/build/obj/bldc.o
                0x2000021c                left_motor
 .bss.right_motor
                0x20000228        0xc /workspaces/qgv/hovercar-gd32/build/obj/bldc.o
                0x20000228                right_motor
 .bss.adc_buffer
                0x20000234        0x6 /workspaces/qgv/hovercar-gd32/build/obj/bldc.o
                0x20000234                adc_buffer
 *fill*         0x2000023a        0x2 
 .bss.dc_current
                0x2000023c        0x4 /workspaces/qgv/hovercar-gd32/build/obj/bldc.o
                0x2000023c                dc_current
 .bss.motors_enabled
                0x20000240        0x1 /workspaces/qgv/hovercar-gd32/build/obj/bldc.o
                0x20000240                motors_enabled
 *fill*         0x20000241        0x3 
 .bss.system_ticks
                0x20000244        0x4 /workspaces/qgv/hovercar-gd32/build/obj/setup.o
                0x20000244                system_ticks
 .bss.remote_channels
                0x20000248       0x10 /workspaces/qgv/hovercar-gd32/build/obj/remote.o
 .bss.last_remote_update
                0x20000258        0x4 /workspaces/qgv/hovercar-gd32/build/obj/remote.o
 .bss.remote_connected
                0x2000025c        0x1 /workspaces/qgv/hovercar-gd32/build/obj/remote.o
 .bss.remote_mode
                0x2000025d        0x1 /workspaces/qgv/hovercar-gd32/build/obj/remote.o
 *fill*         0x2000025e        0x2 
 .bss.last_update_time.3
                0x20000260        0x4 /workspaces/qgv/hovercar-gd32/build/obj/remote.o
 .bss.rx_buffer
                0x20000264      0x100 /workspaces/qgv/hovercar-gd32/build/obj/usart.o
 .bss.rx_index  0x20000364        0x2 /workspaces/qgv/hovercar-gd32/build/obj/usart.o
 .bss.rx_ready  0x20000366        0x1 /workspaces/qgv/hovercar-gd32/build/obj/usart.o
 .bss.latched   0x20000367        0x1 /workspaces/qgv/hovercar-gd32/build/obj/power.o
 .bss           0x20000368      0x13c /usr/lib/gcc/arm-none-eabi/13.2.1/../../../arm-none-eabi/lib/thumb/v7-m/nofp/libc_nano.a(libc_a-findfp.o)
                0x20000368                __sf
                0x200004a0                __stdio_exit_handler
 .bss           0x200004a4        0x8 /usr/lib/gcc/arm-none-eabi/13.2.1/../../../arm-none-eabi/lib/thumb/v7-m/nofp/libc_nano.a(libc_a-mallocr.o)
                0x200004a4                __malloc_sbrk_start
                0x200004a8                __malloc_free_list
 .bss           0x200004ac        0x4 /usr/lib/gcc/arm-none-eabi/13.2.1/../../../arm-none-eabi/lib/thumb/v7-m/nofp/libc_nano.a(libc_a-reent.o)
                0x200004ac                errno
 .bss           0x200004b0        0x4 /usr/lib/gcc/arm-none-eabi/13.2.1/../../../arm-none-eabi/lib/thumb/v7-m/nofp/libnosys.a(sbrk.o)
 *(COMMON)
                0x200004b4                        . = ALIGN (0x4)
                0x200004b4                        _ebss = .

._user_heap_stack
                0x200004b4      0x604 load address 0x0800bbdc
                0x200004b8                        . = ALIGN (0x8)
 *fill*         0x200004b4        0x4 
                0x200004b8                        PROVIDE (end = .)
                [!provide]                        PROVIDE (_end = .)
                0x200006b8                        . = (. + 0x200)
 *fill*         0x200004b8      0x200 
                0x20000ab8                        . = (. + 0x400)
 *fill*         0x200006b8      0x400 
                0x20000ab8                        . = ALIGN (0x8)

.ARM.attributes
                0x00000000       0x29
 *(.ARM.attributes)
 .ARM.attributes
                0x00000000       0x1d /usr/lib/gcc/arm-none-eabi/13.2.1/thumb/v7-m/nofp/crti.o
 .ARM.attributes
                0x0000001d       0x2d /workspaces/qgv/hovercar-gd32/build/obj/main.o
 .ARM.attributes
                0x0000004a       0x2d /workspaces/qgv/hovercar-gd32/build/obj/buzzer.o
 .ARM.attributes
                0x00000077       0x2d /workspaces/qgv/hovercar-gd32/build/obj/bldc.o
 .ARM.attributes
                0x000000a4       0x2d /workspaces/qgv/hovercar-gd32/build/obj/setup.o
 .ARM.attributes
                0x000000d1       0x2d /workspaces/qgv/hovercar-gd32/build/obj/remote.o
 .ARM.attributes
                0x000000fe       0x2d /workspaces/qgv/hovercar-gd32/build/obj/usart.o
 .ARM.attributes
                0x0000012b       0x2d /workspaces/qgv/hovercar-gd32/build/obj/power.o
 .ARM.attributes
                0x00000158       0x2d /workspaces/qgv/hovercar-gd32/build/obj/gd32f10x_gpio.o
 .ARM.attributes
                0x00000185       0x2d /workspaces/qgv/hovercar-gd32/build/obj/gd32f10x_rcu.o
 .ARM.attributes
                0x000001b2       0x2d /workspaces/qgv/hovercar-gd32/build/obj/gd32f10x_timer.o
 .ARM.attributes
                0x000001df       0x2d /workspaces/qgv/hovercar-gd32/build/obj/gd32f10x_adc.o
 .ARM.attributes
                0x0000020c       0x2d /workspaces/qgv/hovercar-gd32/build/obj/gd32f10x_dma.o
 .ARM.attributes
                0x00000239       0x2d /workspaces/qgv/hovercar-gd32/build/obj/gd32f10x_usart.o
 .ARM.attributes
                0x00000266       0x2d /workspaces/qgv/hovercar-gd32/build/obj/gd32f10x_fwdgt.o
 .ARM.attributes
                0x00000293       0x2d /workspaces/qgv/hovercar-gd32/build/obj/gd32f10x_fmc.o
 .ARM.attributes
                0x000002c0       0x2d /workspaces/qgv/hovercar-gd32/build/obj/system_gd32f10x.o
 .ARM.attributes
                0x000002ed       0x21 /workspaces/qgv/hovercar-gd32/build/obj/startup_gd32f10x_md.o
 .ARM.attributes
                0x0000030e       0x2d /usr/lib/gcc/arm-none-eabi/13.2.1/../../../arm-none-eabi/lib/thumb/v7-m/nofp/libc_nano.a(libc_a-vsnprintf.o)
 .ARM.attributes
                0x0000033b       0x2d /usr/lib/gcc/arm-none-eabi/13.2.1/../../../arm-none-eabi/lib/thumb/v7-m/nofp/libc_nano.a(libc_a-strlen-stub.o)
 .ARM.attributes
                0x00000368       0x2d /usr/lib/gcc/arm-none-eabi/13.2.1/../../../arm-none-eabi/lib/thumb/v7-m/nofp/libc_nano.a(libc_a-impure.o)
 .ARM.attributes
                0x00000395       0x2d /usr/lib/gcc/arm-none-eabi/13.2.1/../../../arm-none-eabi/lib/thumb/v7-m/nofp/libc_nano.a(libc_a-nano-svfprintf.o)
 .ARM.attributes
                0x000003c2       0x2d /usr/lib/gcc/arm-none-eabi/13.2.1/../../../arm-none-eabi/lib/thumb/v7-m/nofp/libc_nano.a(libc_a-init.o)
 .ARM.attributes
                0x000003ef       0x2d /usr/lib/gcc/arm-none-eabi/13.2.1/../../../arm-none-eabi/lib/thumb/v7-m/nofp/libc_nano.a(libc_a-puts.o)
 .ARM.attributes
                0x0000041c       0x2d /usr/lib/gcc/arm-none-eabi/13.2.1/../../../arm-none-eabi/lib/thumb/v7-m/nofp/libc_nano.a(libc_a-findfp.o)
 .ARM.attributes
                0x00000449       0x2d /usr/lib/gcc/arm-none-eabi/13.2.1/../../../arm-none-eabi/lib/thumb/v7-m/nofp/libc_nano.a(libc_a-strncasecmp.o)
 .ARM.attributes
                0x00000476       0x2d /usr/lib/gcc/arm-none-eabi/13.2.1/../../../arm-none-eabi/lib/thumb/v7-m/nofp/libc_nano.a(libc_a-memset.o)
 .ARM.attributes
                0x000004a3       0x2d /usr/lib/gcc/arm-none-eabi/13.2.1/../../../arm-none-eabi/lib/thumb/v7-m/nofp/libc_nano.a(libc_a-fflush.o)
 .ARM.attributes
                0x000004d0       0x2d /usr/lib/gcc/arm-none-eabi/13.2.1/../../../arm-none-eabi/lib/thumb/v7-m/nofp/libc_nano.a(libc_a-nano-vfprintf_float.o)
 .ARM.attributes
                0x000004fd       0x2d /usr/lib/gcc/arm-none-eabi/13.2.1/../../../arm-none-eabi/lib/thumb/v7-m/nofp/libc_nano.a(libc_a-mallocr.o)
 .ARM.attributes
                0x0000052a       0x2d /usr/lib/gcc/arm-none-eabi/13.2.1/../../../arm-none-eabi/lib/thumb/v7-m/nofp/libc_nano.a(libc_a-dtoa.o)
 .ARM.attributes
                0x00000557       0x2d /usr/lib/gcc/arm-none-eabi/13.2.1/../../../arm-none-eabi/lib/thumb/v7-m/nofp/libc_nano.a(libc_a-freer.o)
 .ARM.attributes
                0x00000584       0x2d /usr/lib/gcc/arm-none-eabi/13.2.1/../../../arm-none-eabi/lib/thumb/v7-m/nofp/libc_nano.a(libc_a-memmove.o)
 .ARM.attributes
                0x000005b1       0x2d /usr/lib/gcc/arm-none-eabi/13.2.1/../../../arm-none-eabi/lib/thumb/v7-m/nofp/libc_nano.a(libc_a-atoi.o)
 .ARM.attributes
                0x000005de       0x2d /usr/lib/gcc/arm-none-eabi/13.2.1/../../../arm-none-eabi/lib/thumb/v7-m/nofp/libc_nano.a(libc_a-strtol.o)
 .ARM.attributes
                0x0000060b       0x2d /usr/lib/gcc/arm-none-eabi/13.2.1/../../../arm-none-eabi/lib/thumb/v7-m/nofp/libc_nano.a(libc_a-fwalk.o)
 .ARM.attributes
                0x00000638       0x2d /usr/lib/gcc/arm-none-eabi/13.2.1/../../../arm-none-eabi/lib/thumb/v7-m/nofp/libc_nano.a(libc_a-wsetup.o)
 .ARM.attributes
                0x00000665       0x1b /usr/lib/gcc/arm-none-eabi/13.2.1/../../../arm-none-eabi/lib/thumb/v7-m/nofp/libc_nano.a(libc_a-memcpy.o)
 .ARM.attributes
                0x00000680       0x2d /usr/lib/gcc/arm-none-eabi/13.2.1/../../../arm-none-eabi/lib/thumb/v7-m/nofp/libc_nano.a(libc_a-malloc.o)
 .ARM.attributes
                0x000006ad       0x2d /usr/lib/gcc/arm-none-eabi/13.2.1/../../../arm-none-eabi/lib/thumb/v7-m/nofp/libc_nano.a(libc_a-strncpy.o)
 .ARM.attributes
                0x000006da       0x2d /usr/lib/gcc/arm-none-eabi/13.2.1/../../../arm-none-eabi/lib/thumb/v7-m/nofp/libc_nano.a(libc_a-reallocr.o)
 .ARM.attributes
                0x00000707       0x2d /usr/lib/gcc/arm-none-eabi/13.2.1/../../../arm-none-eabi/lib/thumb/v7-m/nofp/libc_nano.a(libc_a-nano-vfprintf_i.o)
 .ARM.attributes
                0x00000734       0x2d /usr/lib/gcc/arm-none-eabi/13.2.1/../../../arm-none-eabi/lib/thumb/v7-m/nofp/libc_nano.a(libc_a-mlock.o)
 .ARM.attributes
                0x00000761       0x2d /usr/lib/gcc/arm-none-eabi/13.2.1/../../../arm-none-eabi/lib/thumb/v7-m/nofp/libc_nano.a(libc_a-strncmp.o)
 .ARM.attributes
                0x0000078e       0x2d /usr/lib/gcc/arm-none-eabi/13.2.1/../../../arm-none-eabi/lib/thumb/v7-m/nofp/libc_nano.a(libc_a-makebuf.o)
 .ARM.attributes
                0x000007bb       0x1b /usr/lib/gcc/arm-none-eabi/13.2.1/../../../arm-none-eabi/lib/thumb/v7-m/nofp/libc_nano.a(libc_a-strcmp.o)
 .ARM.attributes
                0x000007d6       0x2d /usr/lib/gcc/arm-none-eabi/13.2.1/../../../arm-none-eabi/lib/thumb/v7-m/nofp/libc_nano.a(libc_a-ctype_.o)
 .ARM.attributes
                0x00000803       0x2d /usr/lib/gcc/arm-none-eabi/13.2.1/../../../arm-none-eabi/lib/thumb/v7-m/nofp/libc_nano.a(libc_a-memchr-stub.o)
 .ARM.attributes
                0x00000830       0x2d /usr/lib/gcc/arm-none-eabi/13.2.1/../../../arm-none-eabi/lib/thumb/v7-m/nofp/libc_nano.a(libc_a-printf.o)
 .ARM.attributes
                0x0000085d       0x2d /usr/lib/gcc/arm-none-eabi/13.2.1/../../../arm-none-eabi/lib/thumb/v7-m/nofp/libc_nano.a(libc_a-isattyr.o)
 .ARM.attributes
                0x0000088a       0x2d /usr/lib/gcc/arm-none-eabi/13.2.1/../../../arm-none-eabi/lib/thumb/v7-m/nofp/libc_nano.a(libc_a-nano-vfprintf.o)
 .ARM.attributes
                0x000008b7       0x2d /usr/lib/gcc/arm-none-eabi/13.2.1/../../../arm-none-eabi/lib/thumb/v7-m/nofp/libc_nano.a(libc_a-wbuf.o)
 .ARM.attributes
                0x000008e4       0x2d /usr/lib/gcc/arm-none-eabi/13.2.1/../../../arm-none-eabi/lib/thumb/v7-m/nofp/libc_nano.a(libc_a-assert.o)
 .ARM.attributes
                0x00000911       0x2d /usr/lib/gcc/arm-none-eabi/13.2.1/../../../arm-none-eabi/lib/thumb/v7-m/nofp/libc_nano.a(libc_a-mprec.o)
 .ARM.attributes
                0x0000093e       0x2d /usr/lib/gcc/arm-none-eabi/13.2.1/../../../arm-none-eabi/lib/thumb/v7-m/nofp/libc_nano.a(libc_a-sbrkr.o)
 .ARM.attributes
                0x0000096b       0x2d /usr/lib/gcc/arm-none-eabi/13.2.1/../../../arm-none-eabi/lib/thumb/v7-m/nofp/libc_nano.a(libc_a-stdio.o)
 .ARM.attributes
                0x00000998       0x2d /usr/lib/gcc/arm-none-eabi/13.2.1/../../../arm-none-eabi/lib/thumb/v7-m/nofp/libc_nano.a(libc_a-msizer.o)
 .ARM.attributes
                0x000009c5       0x2d /usr/lib/gcc/arm-none-eabi/13.2.1/../../../arm-none-eabi/lib/thumb/v7-m/nofp/libc_nano.a(libc_a-localeconv.o)
 .ARM.attributes
                0x000009f2       0x2d /usr/lib/gcc/arm-none-eabi/13.2.1/../../../arm-none-eabi/lib/thumb/v7-m/nofp/libc_nano.a(libc_a-fvwrite.o)
 .ARM.attributes
                0x00000a1f       0x2d /usr/lib/gcc/arm-none-eabi/13.2.1/../../../arm-none-eabi/lib/thumb/v7-m/nofp/libc_nano.a(libc_a-abort.o)
 .ARM.attributes
                0x00000a4c       0x2d /usr/lib/gcc/arm-none-eabi/13.2.1/../../../arm-none-eabi/lib/thumb/v7-m/nofp/libc_nano.a(libc_a-closer.o)
 .ARM.attributes
                0x00000a79       0x2d /usr/lib/gcc/arm-none-eabi/13.2.1/../../../arm-none-eabi/lib/thumb/v7-m/nofp/libc_nano.a(libc_a-callocr.o)
 .ARM.attributes
                0x00000aa6       0x2d /usr/lib/gcc/arm-none-eabi/13.2.1/../../../arm-none-eabi/lib/thumb/v7-m/nofp/libc_nano.a(libc_a-errno.o)
 .ARM.attributes
                0x00000ad3       0x2d /usr/lib/gcc/arm-none-eabi/13.2.1/../../../arm-none-eabi/lib/thumb/v7-m/nofp/libc_nano.a(libc_a-locale.o)
 .ARM.attributes
                0x00000b00       0x2d /usr/lib/gcc/arm-none-eabi/13.2.1/../../../arm-none-eabi/lib/thumb/v7-m/nofp/libc_nano.a(libc_a-wctomb_r.o)
 .ARM.attributes
                0x00000b2d       0x2d /usr/lib/gcc/arm-none-eabi/13.2.1/../../../arm-none-eabi/lib/thumb/v7-m/nofp/libc_nano.a(libc_a-readr.o)
 .ARM.attributes
                0x00000b5a       0x2d /usr/lib/gcc/arm-none-eabi/13.2.1/../../../arm-none-eabi/lib/thumb/v7-m/nofp/libc_nano.a(libc_a-fprintf.o)
 .ARM.attributes
                0x00000b87       0x2d /usr/lib/gcc/arm-none-eabi/13.2.1/../../../arm-none-eabi/lib/thumb/v7-m/nofp/libc_nano.a(libc_a-reent.o)
 .ARM.attributes
                0x00000bb4       0x2d /usr/lib/gcc/arm-none-eabi/13.2.1/../../../arm-none-eabi/lib/thumb/v7-m/nofp/libc_nano.a(libc_a-fstatr.o)
 .ARM.attributes
                0x00000be1       0x2d /usr/lib/gcc/arm-none-eabi/13.2.1/../../../arm-none-eabi/lib/thumb/v7-m/nofp/libc_nano.a(libc_a-lseekr.o)
 .ARM.attributes
                0x00000c0e       0x2d /usr/lib/gcc/arm-none-eabi/13.2.1/../../../arm-none-eabi/lib/thumb/v7-m/nofp/libc_nano.a(libc_a-writer.o)
 .ARM.attributes
                0x00000c3b       0x2d /usr/lib/gcc/arm-none-eabi/13.2.1/../../../arm-none-eabi/lib/thumb/v7-m/nofp/libc_nano.a(libc_a-mbtowc_r.o)
 .ARM.attributes
                0x00000c68       0x2d /usr/lib/gcc/arm-none-eabi/13.2.1/../../../arm-none-eabi/lib/thumb/v7-m/nofp/libc_nano.a(libc_a-signal.o)
 .ARM.attributes
                0x00000c95       0x2d /usr/lib/gcc/arm-none-eabi/13.2.1/../../../arm-none-eabi/lib/thumb/v7-m/nofp/libc_nano.a(libc_a-signalr.o)
 .ARM.attributes
                0x00000cc2       0x2d /usr/lib/gcc/arm-none-eabi/13.2.1/../../../arm-none-eabi/lib/thumb/v7-m/nofp/libnosys.a(close.o)
 .ARM.attributes
                0x00000cef       0x2d /usr/lib/gcc/arm-none-eabi/13.2.1/../../../arm-none-eabi/lib/thumb/v7-m/nofp/libnosys.a(fstat.o)
 .ARM.attributes
                0x00000d1c       0x2d /usr/lib/gcc/arm-none-eabi/13.2.1/../../../arm-none-eabi/lib/thumb/v7-m/nofp/libnosys.a(getpid.o)
 .ARM.attributes
                0x00000d49       0x2d /usr/lib/gcc/arm-none-eabi/13.2.1/../../../arm-none-eabi/lib/thumb/v7-m/nofp/libnosys.a(isatty.o)
 .ARM.attributes
                0x00000d76       0x2d /usr/lib/gcc/arm-none-eabi/13.2.1/../../../arm-none-eabi/lib/thumb/v7-m/nofp/libnosys.a(kill.o)
 .ARM.attributes
                0x00000da3       0x2d /usr/lib/gcc/arm-none-eabi/13.2.1/../../../arm-none-eabi/lib/thumb/v7-m/nofp/libnosys.a(lseek.o)
 .ARM.attributes
                0x00000dd0       0x2d /usr/lib/gcc/arm-none-eabi/13.2.1/../../../arm-none-eabi/lib/thumb/v7-m/nofp/libnosys.a(read.o)
 .ARM.attributes
                0x00000dfd       0x2d /usr/lib/gcc/arm-none-eabi/13.2.1/../../../arm-none-eabi/lib/thumb/v7-m/nofp/libnosys.a(sbrk.o)
 .ARM.attributes
                0x00000e2a       0x2d /usr/lib/gcc/arm-none-eabi/13.2.1/../../../arm-none-eabi/lib/thumb/v7-m/nofp/libnosys.a(_exit.o)
 .ARM.attributes
                0x00000e57       0x1d /usr/lib/gcc/arm-none-eabi/13.2.1/thumb/v7-m/nofp/libgcc.a(_arm_addsubdf3.o)
 .ARM.attributes
                0x00000e74       0x1d /usr/lib/gcc/arm-none-eabi/13.2.1/thumb/v7-m/nofp/libgcc.a(_arm_muldivdf3.o)
 .ARM.attributes
                0x00000e91       0x1d /usr/lib/gcc/arm-none-eabi/13.2.1/thumb/v7-m/nofp/libgcc.a(_arm_cmpdf2.o)
 .ARM.attributes
                0x00000eae       0x1d /usr/lib/gcc/arm-none-eabi/13.2.1/thumb/v7-m/nofp/libgcc.a(_arm_unorddf2.o)
 .ARM.attributes
                0x00000ecb       0x1d /usr/lib/gcc/arm-none-eabi/13.2.1/thumb/v7-m/nofp/libgcc.a(_arm_fixdfsi.o)
 .ARM.attributes
                0x00000ee8       0x1d /usr/lib/gcc/arm-none-eabi/13.2.1/thumb/v7-m/nofp/libgcc.a(_arm_addsubsf3.o)
 .ARM.attributes
                0x00000f05       0x1d /usr/lib/gcc/arm-none-eabi/13.2.1/thumb/v7-m/nofp/libgcc.a(_arm_muldivsf3.o)
 .ARM.attributes
                0x00000f22       0x1d /usr/lib/gcc/arm-none-eabi/13.2.1/thumb/v7-m/nofp/libgcc.a(_arm_cmpsf2.o)
 .ARM.attributes
                0x00000f3f       0x1d /usr/lib/gcc/arm-none-eabi/13.2.1/thumb/v7-m/nofp/libgcc.a(_arm_fixsfsi.o)
 .ARM.attributes
                0x00000f5c       0x1d /usr/lib/gcc/arm-none-eabi/13.2.1/thumb/v7-m/nofp/crtn.o
OUTPUT(/workspaces/qgv/hovercar-gd32/build/hovercar-gd32.elf elf32-littlearm)
LOAD linker stubs

.debug_info     0x00000000    0x27bf5
 .debug_info    0x00000000      0x73d /workspaces/qgv/hovercar-gd32/build/obj/main.o
 .debug_info    0x0000073d      0x4d9 /workspaces/qgv/hovercar-gd32/build/obj/buzzer.o
 .debug_info    0x00000c16      0x60e /workspaces/qgv/hovercar-gd32/build/obj/bldc.o
 .debug_info    0x00001224     0x10c6 /workspaces/qgv/hovercar-gd32/build/obj/setup.o
 .debug_info    0x000022ea      0x55a /workspaces/qgv/hovercar-gd32/build/obj/remote.o
 .debug_info    0x00002844     0x19c4 /workspaces/qgv/hovercar-gd32/build/obj/usart.o
 .debug_info    0x00004208      0x174 /workspaces/qgv/hovercar-gd32/build/obj/power.o
 .debug_info    0x0000437c      0x5ce /workspaces/qgv/hovercar-gd32/build/obj/gd32f10x_gpio.o
 .debug_info    0x0000494a      0xbc4 /workspaces/qgv/hovercar-gd32/build/obj/gd32f10x_rcu.o
 .debug_info    0x0000550e     0x123b /workspaces/qgv/hovercar-gd32/build/obj/gd32f10x_timer.o
 .debug_info    0x00006749      0x96f /workspaces/qgv/hovercar-gd32/build/obj/gd32f10x_adc.o
 .debug_info    0x000070b8      0x893 /workspaces/qgv/hovercar-gd32/build/obj/gd32f10x_dma.o
 .debug_info    0x0000794b      0xab9 /workspaces/qgv/hovercar-gd32/build/obj/gd32f10x_usart.o
 .debug_info    0x00008404      0x224 /workspaces/qgv/hovercar-gd32/build/obj/gd32f10x_fwdgt.o
 .debug_info    0x00008628      0x70b /workspaces/qgv/hovercar-gd32/build/obj/gd32f10x_fmc.o
 .debug_info    0x00008d33      0x1fe /workspaces/qgv/hovercar-gd32/build/obj/system_gd32f10x.o
 .debug_info    0x00008f31       0x30 /workspaces/qgv/hovercar-gd32/build/obj/startup_gd32f10x_md.o
 .debug_info    0x00008f61      0x95a /usr/lib/gcc/arm-none-eabi/13.2.1/../../../arm-none-eabi/lib/thumb/v7-m/nofp/libc_nano.a(libc_a-vsnprintf.o)
 .debug_info    0x000098bb       0xbd /usr/lib/gcc/arm-none-eabi/13.2.1/../../../arm-none-eabi/lib/thumb/v7-m/nofp/libc_nano.a(libc_a-strlen-stub.o)
 .debug_info    0x00009978      0x70b /usr/lib/gcc/arm-none-eabi/13.2.1/../../../arm-none-eabi/lib/thumb/v7-m/nofp/libc_nano.a(libc_a-impure.o)
 .debug_info    0x0000a083     0x1094 /usr/lib/gcc/arm-none-eabi/13.2.1/../../../arm-none-eabi/lib/thumb/v7-m/nofp/libc_nano.a(libc_a-nano-svfprintf.o)
 .debug_info    0x0000b117      0x10b /usr/lib/gcc/arm-none-eabi/13.2.1/../../../arm-none-eabi/lib/thumb/v7-m/nofp/libc_nano.a(libc_a-init.o)
 .debug_info    0x0000b222      0x905 /usr/lib/gcc/arm-none-eabi/13.2.1/../../../arm-none-eabi/lib/thumb/v7-m/nofp/libc_nano.a(libc_a-puts.o)
 .debug_info    0x0000bb27      0xe8c /usr/lib/gcc/arm-none-eabi/13.2.1/../../../arm-none-eabi/lib/thumb/v7-m/nofp/libc_nano.a(libc_a-findfp.o)
 .debug_info    0x0000c9b3      0x16d /usr/lib/gcc/arm-none-eabi/13.2.1/../../../arm-none-eabi/lib/thumb/v7-m/nofp/libc_nano.a(libc_a-strncasecmp.o)
 .debug_info    0x0000cb20      0x135 /usr/lib/gcc/arm-none-eabi/13.2.1/../../../arm-none-eabi/lib/thumb/v7-m/nofp/libc_nano.a(libc_a-memset.o)
 .debug_info    0x0000cc55      0xa30 /usr/lib/gcc/arm-none-eabi/13.2.1/../../../arm-none-eabi/lib/thumb/v7-m/nofp/libc_nano.a(libc_a-fflush.o)
 .debug_info    0x0000d685     0x13d2 /usr/lib/gcc/arm-none-eabi/13.2.1/../../../arm-none-eabi/lib/thumb/v7-m/nofp/libc_nano.a(libc_a-nano-vfprintf_float.o)
 .debug_info    0x0000ea57      0x9b6 /usr/lib/gcc/arm-none-eabi/13.2.1/../../../arm-none-eabi/lib/thumb/v7-m/nofp/libc_nano.a(libc_a-mallocr.o)
 .debug_info    0x0000f40d     0x1943 /usr/lib/gcc/arm-none-eabi/13.2.1/../../../arm-none-eabi/lib/thumb/v7-m/nofp/libc_nano.a(libc_a-dtoa.o)
 .debug_info    0x00010d50      0x87f /usr/lib/gcc/arm-none-eabi/13.2.1/../../../arm-none-eabi/lib/thumb/v7-m/nofp/libc_nano.a(libc_a-freer.o)
 .debug_info    0x000115cf      0x148 /usr/lib/gcc/arm-none-eabi/13.2.1/../../../arm-none-eabi/lib/thumb/v7-m/nofp/libc_nano.a(libc_a-memmove.o)
 .debug_info    0x00011717      0x7cf /usr/lib/gcc/arm-none-eabi/13.2.1/../../../arm-none-eabi/lib/thumb/v7-m/nofp/libc_nano.a(libc_a-atoi.o)
 .debug_info    0x00011ee6      0xd77 /usr/lib/gcc/arm-none-eabi/13.2.1/../../../arm-none-eabi/lib/thumb/v7-m/nofp/libc_nano.a(libc_a-strtol.o)
 .debug_info    0x00012c5d      0x7c8 /usr/lib/gcc/arm-none-eabi/13.2.1/../../../arm-none-eabi/lib/thumb/v7-m/nofp/libc_nano.a(libc_a-fwalk.o)
 .debug_info    0x00013425      0x7b1 /usr/lib/gcc/arm-none-eabi/13.2.1/../../../arm-none-eabi/lib/thumb/v7-m/nofp/libc_nano.a(libc_a-wsetup.o)
 .debug_info    0x00013bd6       0x33 /usr/lib/gcc/arm-none-eabi/13.2.1/../../../arm-none-eabi/lib/thumb/v7-m/nofp/libc_nano.a(libc_a-memcpy.o)
 .debug_info    0x00013c09      0x796 /usr/lib/gcc/arm-none-eabi/13.2.1/../../../arm-none-eabi/lib/thumb/v7-m/nofp/libc_nano.a(libc_a-malloc.o)
 .debug_info    0x0001439f      0x14a /usr/lib/gcc/arm-none-eabi/13.2.1/../../../arm-none-eabi/lib/thumb/v7-m/nofp/libc_nano.a(libc_a-strncpy.o)
 .debug_info    0x000144e9      0x8cd /usr/lib/gcc/arm-none-eabi/13.2.1/../../../arm-none-eabi/lib/thumb/v7-m/nofp/libc_nano.a(libc_a-reallocr.o)
 .debug_info    0x00014db6      0xdd7 /usr/lib/gcc/arm-none-eabi/13.2.1/../../../arm-none-eabi/lib/thumb/v7-m/nofp/libc_nano.a(libc_a-nano-vfprintf_i.o)
 .debug_info    0x00015b8d      0x71c /usr/lib/gcc/arm-none-eabi/13.2.1/../../../arm-none-eabi/lib/thumb/v7-m/nofp/libc_nano.a(libc_a-mlock.o)
 .debug_info    0x000162a9      0x108 /usr/lib/gcc/arm-none-eabi/13.2.1/../../../arm-none-eabi/lib/thumb/v7-m/nofp/libc_nano.a(libc_a-strncmp.o)
 .debug_info    0x000163b1      0xbe6 /usr/lib/gcc/arm-none-eabi/13.2.1/../../../arm-none-eabi/lib/thumb/v7-m/nofp/libc_nano.a(libc_a-makebuf.o)
 .debug_info    0x00016f97       0x33 /usr/lib/gcc/arm-none-eabi/13.2.1/../../../arm-none-eabi/lib/thumb/v7-m/nofp/libc_nano.a(libc_a-strcmp.o)
 .debug_info    0x00016fca       0xb9 /usr/lib/gcc/arm-none-eabi/13.2.1/../../../arm-none-eabi/lib/thumb/v7-m/nofp/libc_nano.a(libc_a-ctype_.o)
 .debug_info    0x00017083      0x14a /usr/lib/gcc/arm-none-eabi/13.2.1/../../../arm-none-eabi/lib/thumb/v7-m/nofp/libc_nano.a(libc_a-memchr-stub.o)
 .debug_info    0x000171cd      0x837 /usr/lib/gcc/arm-none-eabi/13.2.1/../../../arm-none-eabi/lib/thumb/v7-m/nofp/libc_nano.a(libc_a-printf.o)
 .debug_info    0x00017a04      0x752 /usr/lib/gcc/arm-none-eabi/13.2.1/../../../arm-none-eabi/lib/thumb/v7-m/nofp/libc_nano.a(libc_a-isattyr.o)
 .debug_info    0x00018156     0x108a /usr/lib/gcc/arm-none-eabi/13.2.1/../../../arm-none-eabi/lib/thumb/v7-m/nofp/libc_nano.a(libc_a-nano-vfprintf.o)
 .debug_info    0x000191e0      0x863 /usr/lib/gcc/arm-none-eabi/13.2.1/../../../arm-none-eabi/lib/thumb/v7-m/nofp/libc_nano.a(libc_a-wbuf.o)
 .debug_info    0x00019a43      0x825 /usr/lib/gcc/arm-none-eabi/13.2.1/../../../arm-none-eabi/lib/thumb/v7-m/nofp/libc_nano.a(libc_a-assert.o)
 .debug_info    0x0001a268     0x1f12 /usr/lib/gcc/arm-none-eabi/13.2.1/../../../arm-none-eabi/lib/thumb/v7-m/nofp/libc_nano.a(libc_a-mprec.o)
 .debug_info    0x0001c17a      0x778 /usr/lib/gcc/arm-none-eabi/13.2.1/../../../arm-none-eabi/lib/thumb/v7-m/nofp/libc_nano.a(libc_a-sbrkr.o)
 .debug_info    0x0001c8f2      0xa80 /usr/lib/gcc/arm-none-eabi/13.2.1/../../../arm-none-eabi/lib/thumb/v7-m/nofp/libc_nano.a(libc_a-stdio.o)
 .debug_info    0x0001d372      0x78a /usr/lib/gcc/arm-none-eabi/13.2.1/../../../arm-none-eabi/lib/thumb/v7-m/nofp/libc_nano.a(libc_a-msizer.o)
 .debug_info    0x0001dafc      0xa0e /usr/lib/gcc/arm-none-eabi/13.2.1/../../../arm-none-eabi/lib/thumb/v7-m/nofp/libc_nano.a(libc_a-localeconv.o)
 .debug_info    0x0001e50a      0xb1e /usr/lib/gcc/arm-none-eabi/13.2.1/../../../arm-none-eabi/lib/thumb/v7-m/nofp/libc_nano.a(libc_a-fvwrite.o)
 .debug_info    0x0001f028       0xd8 /usr/lib/gcc/arm-none-eabi/13.2.1/../../../arm-none-eabi/lib/thumb/v7-m/nofp/libc_nano.a(libc_a-abort.o)
 .debug_info    0x0001f100      0x752 /usr/lib/gcc/arm-none-eabi/13.2.1/../../../arm-none-eabi/lib/thumb/v7-m/nofp/libc_nano.a(libc_a-closer.o)
 .debug_info    0x0001f852      0x7c9 /usr/lib/gcc/arm-none-eabi/13.2.1/../../../arm-none-eabi/lib/thumb/v7-m/nofp/libc_nano.a(libc_a-callocr.o)
 .debug_info    0x0002001b      0x6f1 /usr/lib/gcc/arm-none-eabi/13.2.1/../../../arm-none-eabi/lib/thumb/v7-m/nofp/libc_nano.a(libc_a-errno.o)
 .debug_info    0x0002070c      0xbb9 /usr/lib/gcc/arm-none-eabi/13.2.1/../../../arm-none-eabi/lib/thumb/v7-m/nofp/libc_nano.a(libc_a-locale.o)
 .debug_info    0x000212c5      0xa70 /usr/lib/gcc/arm-none-eabi/13.2.1/../../../arm-none-eabi/lib/thumb/v7-m/nofp/libc_nano.a(libc_a-wctomb_r.o)
 .debug_info    0x00021d35      0x7b5 /usr/lib/gcc/arm-none-eabi/13.2.1/../../../arm-none-eabi/lib/thumb/v7-m/nofp/libc_nano.a(libc_a-readr.o)
 .debug_info    0x000224ea      0x85d /usr/lib/gcc/arm-none-eabi/13.2.1/../../../arm-none-eabi/lib/thumb/v7-m/nofp/libc_nano.a(libc_a-fprintf.o)
 .debug_info    0x00022d47      0x89f /usr/lib/gcc/arm-none-eabi/13.2.1/../../../arm-none-eabi/lib/thumb/v7-m/nofp/libc_nano.a(libc_a-reent.o)
 .debug_info    0x000235e6      0x977 /usr/lib/gcc/arm-none-eabi/13.2.1/../../../arm-none-eabi/lib/thumb/v7-m/nofp/libc_nano.a(libc_a-fstatr.o)
 .debug_info    0x00023f5d      0x79e /usr/lib/gcc/arm-none-eabi/13.2.1/../../../arm-none-eabi/lib/thumb/v7-m/nofp/libc_nano.a(libc_a-lseekr.o)
 .debug_info    0x000246fb      0x7bb /usr/lib/gcc/arm-none-eabi/13.2.1/../../../arm-none-eabi/lib/thumb/v7-m/nofp/libc_nano.a(libc_a-writer.o)
 .debug_info    0x00024eb6      0xab0 /usr/lib/gcc/arm-none-eabi/13.2.1/../../../arm-none-eabi/lib/thumb/v7-m/nofp/libc_nano.a(libc_a-mbtowc_r.o)
 .debug_info    0x00025966      0xc39 /usr/lib/gcc/arm-none-eabi/13.2.1/../../../arm-none-eabi/lib/thumb/v7-m/nofp/libc_nano.a(libc_a-signal.o)
 .debug_info    0x0002659f      0x7df /usr/lib/gcc/arm-none-eabi/13.2.1/../../../arm-none-eabi/lib/thumb/v7-m/nofp/libc_nano.a(libc_a-signalr.o)
 .debug_info    0x00026d7e       0xde /usr/lib/gcc/arm-none-eabi/13.2.1/../../../arm-none-eabi/lib/thumb/v7-m/nofp/libnosys.a(close.o)
 .debug_info    0x00026e5c      0x2f7 /usr/lib/gcc/arm-none-eabi/13.2.1/../../../arm-none-eabi/lib/thumb/v7-m/nofp/libnosys.a(fstat.o)
 .debug_info    0x00027153       0xc9 /usr/lib/gcc/arm-none-eabi/13.2.1/../../../arm-none-eabi/lib/thumb/v7-m/nofp/libnosys.a(getpid.o)
 .debug_info    0x0002721c       0xde /usr/lib/gcc/arm-none-eabi/13.2.1/../../../arm-none-eabi/lib/thumb/v7-m/nofp/libnosys.a(isatty.o)
 .debug_info    0x000272fa       0xec /usr/lib/gcc/arm-none-eabi/13.2.1/../../../arm-none-eabi/lib/thumb/v7-m/nofp/libnosys.a(kill.o)
 .debug_info    0x000273e6      0x100 /usr/lib/gcc/arm-none-eabi/13.2.1/../../../arm-none-eabi/lib/thumb/v7-m/nofp/libnosys.a(lseek.o)
 .debug_info    0x000274e6      0x106 /usr/lib/gcc/arm-none-eabi/13.2.1/../../../arm-none-eabi/lib/thumb/v7-m/nofp/libnosys.a(read.o)
 .debug_info    0x000275ec       0xac /usr/lib/gcc/arm-none-eabi/13.2.1/../../../arm-none-eabi/lib/thumb/v7-m/nofp/libnosys.a(sbrk.o)
 .debug_info    0x00027698       0xa4 /usr/lib/gcc/arm-none-eabi/13.2.1/../../../arm-none-eabi/lib/thumb/v7-m/nofp/libnosys.a(_exit.o)
 .debug_info    0x0002773c       0xd3 /usr/lib/gcc/arm-none-eabi/13.2.1/thumb/v7-m/nofp/libgcc.a(_arm_addsubdf3.o)
 .debug_info    0x0002780f       0x57 /usr/lib/gcc/arm-none-eabi/13.2.1/thumb/v7-m/nofp/libgcc.a(_arm_muldivdf3.o)
 .debug_info    0x00027866       0xdf /usr/lib/gcc/arm-none-eabi/13.2.1/thumb/v7-m/nofp/libgcc.a(_arm_cmpdf2.o)
 .debug_info    0x00027945       0x3c /usr/lib/gcc/arm-none-eabi/13.2.1/thumb/v7-m/nofp/libgcc.a(_arm_unorddf2.o)
 .debug_info    0x00027981       0x3c /usr/lib/gcc/arm-none-eabi/13.2.1/thumb/v7-m/nofp/libgcc.a(_arm_fixdfsi.o)
 .debug_info    0x000279bd       0xca /usr/lib/gcc/arm-none-eabi/13.2.1/thumb/v7-m/nofp/libgcc.a(_arm_addsubsf3.o)
 .debug_info    0x00027a87       0x57 /usr/lib/gcc/arm-none-eabi/13.2.1/thumb/v7-m/nofp/libgcc.a(_arm_muldivsf3.o)
 .debug_info    0x00027ade       0xdb /usr/lib/gcc/arm-none-eabi/13.2.1/thumb/v7-m/nofp/libgcc.a(_arm_cmpsf2.o)
 .debug_info    0x00027bb9       0x3c /usr/lib/gcc/arm-none-eabi/13.2.1/thumb/v7-m/nofp/libgcc.a(_arm_fixsfsi.o)

.debug_abbrev   0x00000000     0x9121
 .debug_abbrev  0x00000000      0x244 /workspaces/qgv/hovercar-gd32/build/obj/main.o
 .debug_abbrev  0x00000244      0x1c3 /workspaces/qgv/hovercar-gd32/build/obj/buzzer.o
 .debug_abbrev  0x00000407      0x263 /workspaces/qgv/hovercar-gd32/build/obj/bldc.o
 .debug_abbrev  0x0000066a      0x382 /workspaces/qgv/hovercar-gd32/build/obj/setup.o
 .debug_abbrev  0x000009ec      0x2bf /workspaces/qgv/hovercar-gd32/build/obj/remote.o
 .debug_abbrev  0x00000cab      0x439 /workspaces/qgv/hovercar-gd32/build/obj/usart.o
 .debug_abbrev  0x000010e4       0xd5 /workspaces/qgv/hovercar-gd32/build/obj/power.o
 .debug_abbrev  0x000011b9      0x1cc /workspaces/qgv/hovercar-gd32/build/obj/gd32f10x_gpio.o
 .debug_abbrev  0x00001385      0x1b1 /workspaces/qgv/hovercar-gd32/build/obj/gd32f10x_rcu.o
 .debug_abbrev  0x00001536      0x1d0 /workspaces/qgv/hovercar-gd32/build/obj/gd32f10x_timer.o
 .debug_abbrev  0x00001706      0x188 /workspaces/qgv/hovercar-gd32/build/obj/gd32f10x_adc.o
 .debug_abbrev  0x0000188e      0x1ec /workspaces/qgv/hovercar-gd32/build/obj/gd32f10x_dma.o
 .debug_abbrev  0x00001a7a      0x1be /workspaces/qgv/hovercar-gd32/build/obj/gd32f10x_usart.o
 .debug_abbrev  0x00001c38       0xd3 /workspaces/qgv/hovercar-gd32/build/obj/gd32f10x_fwdgt.o
 .debug_abbrev  0x00001d0b      0x1d5 /workspaces/qgv/hovercar-gd32/build/obj/gd32f10x_fmc.o
 .debug_abbrev  0x00001ee0      0x110 /workspaces/qgv/hovercar-gd32/build/obj/system_gd32f10x.o
 .debug_abbrev  0x00001ff0       0x24 /workspaces/qgv/hovercar-gd32/build/obj/startup_gd32f10x_md.o
 .debug_abbrev  0x00002014      0x281 /usr/lib/gcc/arm-none-eabi/13.2.1/../../../arm-none-eabi/lib/thumb/v7-m/nofp/libc_nano.a(libc_a-vsnprintf.o)
 .debug_abbrev  0x00002295       0x78 /usr/lib/gcc/arm-none-eabi/13.2.1/../../../arm-none-eabi/lib/thumb/v7-m/nofp/libc_nano.a(libc_a-strlen-stub.o)
 .debug_abbrev  0x0000230d      0x149 /usr/lib/gcc/arm-none-eabi/13.2.1/../../../arm-none-eabi/lib/thumb/v7-m/nofp/libc_nano.a(libc_a-impure.o)
 .debug_abbrev  0x00002456      0x32f /usr/lib/gcc/arm-none-eabi/13.2.1/../../../arm-none-eabi/lib/thumb/v7-m/nofp/libc_nano.a(libc_a-nano-svfprintf.o)
 .debug_abbrev  0x00002785       0xc9 /usr/lib/gcc/arm-none-eabi/13.2.1/../../../arm-none-eabi/lib/thumb/v7-m/nofp/libc_nano.a(libc_a-init.o)
 .debug_abbrev  0x0000284e      0x29c /usr/lib/gcc/arm-none-eabi/13.2.1/../../../arm-none-eabi/lib/thumb/v7-m/nofp/libc_nano.a(libc_a-puts.o)
 .debug_abbrev  0x00002aea      0x408 /usr/lib/gcc/arm-none-eabi/13.2.1/../../../arm-none-eabi/lib/thumb/v7-m/nofp/libc_nano.a(libc_a-findfp.o)
 .debug_abbrev  0x00002ef2       0xd0 /usr/lib/gcc/arm-none-eabi/13.2.1/../../../arm-none-eabi/lib/thumb/v7-m/nofp/libc_nano.a(libc_a-strncasecmp.o)
 .debug_abbrev  0x00002fc2       0xb7 /usr/lib/gcc/arm-none-eabi/13.2.1/../../../arm-none-eabi/lib/thumb/v7-m/nofp/libc_nano.a(libc_a-memset.o)
 .debug_abbrev  0x00003079      0x2e1 /usr/lib/gcc/arm-none-eabi/13.2.1/../../../arm-none-eabi/lib/thumb/v7-m/nofp/libc_nano.a(libc_a-fflush.o)
 .debug_abbrev  0x0000335a      0x2ee /usr/lib/gcc/arm-none-eabi/13.2.1/../../../arm-none-eabi/lib/thumb/v7-m/nofp/libc_nano.a(libc_a-nano-vfprintf_float.o)
 .debug_abbrev  0x00003648      0x24a /usr/lib/gcc/arm-none-eabi/13.2.1/../../../arm-none-eabi/lib/thumb/v7-m/nofp/libc_nano.a(libc_a-mallocr.o)
 .debug_abbrev  0x00003892      0x333 /usr/lib/gcc/arm-none-eabi/13.2.1/../../../arm-none-eabi/lib/thumb/v7-m/nofp/libc_nano.a(libc_a-dtoa.o)
 .debug_abbrev  0x00003bc5      0x249 /usr/lib/gcc/arm-none-eabi/13.2.1/../../../arm-none-eabi/lib/thumb/v7-m/nofp/libc_nano.a(libc_a-freer.o)
 .debug_abbrev  0x00003e0e       0xc3 /usr/lib/gcc/arm-none-eabi/13.2.1/../../../arm-none-eabi/lib/thumb/v7-m/nofp/libc_nano.a(libc_a-memmove.o)
 .debug_abbrev  0x00003ed1      0x1b2 /usr/lib/gcc/arm-none-eabi/13.2.1/../../../arm-none-eabi/lib/thumb/v7-m/nofp/libc_nano.a(libc_a-atoi.o)
 .debug_abbrev  0x00004083      0x2ea /usr/lib/gcc/arm-none-eabi/13.2.1/../../../arm-none-eabi/lib/thumb/v7-m/nofp/libc_nano.a(libc_a-strtol.o)
 .debug_abbrev  0x0000436d      0x19b /usr/lib/gcc/arm-none-eabi/13.2.1/../../../arm-none-eabi/lib/thumb/v7-m/nofp/libc_nano.a(libc_a-fwalk.o)
 .debug_abbrev  0x00004508      0x1e2 /usr/lib/gcc/arm-none-eabi/13.2.1/../../../arm-none-eabi/lib/thumb/v7-m/nofp/libc_nano.a(libc_a-wsetup.o)
 .debug_abbrev  0x000046ea       0x28 /usr/lib/gcc/arm-none-eabi/13.2.1/../../../arm-none-eabi/lib/thumb/v7-m/nofp/libc_nano.a(libc_a-memcpy.o)
 .debug_abbrev  0x00004712      0x1cf /usr/lib/gcc/arm-none-eabi/13.2.1/../../../arm-none-eabi/lib/thumb/v7-m/nofp/libc_nano.a(libc_a-malloc.o)
 .debug_abbrev  0x000048e1       0xbe /usr/lib/gcc/arm-none-eabi/13.2.1/../../../arm-none-eabi/lib/thumb/v7-m/nofp/libc_nano.a(libc_a-strncpy.o)
 .debug_abbrev  0x0000499f      0x20c /usr/lib/gcc/arm-none-eabi/13.2.1/../../../arm-none-eabi/lib/thumb/v7-m/nofp/libc_nano.a(libc_a-reallocr.o)
 .debug_abbrev  0x00004bab      0x284 /usr/lib/gcc/arm-none-eabi/13.2.1/../../../arm-none-eabi/lib/thumb/v7-m/nofp/libc_nano.a(libc_a-nano-vfprintf_i.o)
 .debug_abbrev  0x00004e2f      0x192 /usr/lib/gcc/arm-none-eabi/13.2.1/../../../arm-none-eabi/lib/thumb/v7-m/nofp/libc_nano.a(libc_a-mlock.o)
 .debug_abbrev  0x00004fc1       0x92 /usr/lib/gcc/arm-none-eabi/13.2.1/../../../arm-none-eabi/lib/thumb/v7-m/nofp/libc_nano.a(libc_a-strncmp.o)
 .debug_abbrev  0x00005053      0x29d /usr/lib/gcc/arm-none-eabi/13.2.1/../../../arm-none-eabi/lib/thumb/v7-m/nofp/libc_nano.a(libc_a-makebuf.o)
 .debug_abbrev  0x000052f0       0x28 /usr/lib/gcc/arm-none-eabi/13.2.1/../../../arm-none-eabi/lib/thumb/v7-m/nofp/libc_nano.a(libc_a-strcmp.o)
 .debug_abbrev  0x00005318       0x62 /usr/lib/gcc/arm-none-eabi/13.2.1/../../../arm-none-eabi/lib/thumb/v7-m/nofp/libc_nano.a(libc_a-ctype_.o)
 .debug_abbrev  0x0000537a       0xc7 /usr/lib/gcc/arm-none-eabi/13.2.1/../../../arm-none-eabi/lib/thumb/v7-m/nofp/libc_nano.a(libc_a-memchr-stub.o)
 .debug_abbrev  0x00005441      0x21a /usr/lib/gcc/arm-none-eabi/13.2.1/../../../arm-none-eabi/lib/thumb/v7-m/nofp/libc_nano.a(libc_a-printf.o)
 .debug_abbrev  0x0000565b      0x1b0 /usr/lib/gcc/arm-none-eabi/13.2.1/../../../arm-none-eabi/lib/thumb/v7-m/nofp/libc_nano.a(libc_a-isattyr.o)
 .debug_abbrev  0x0000580b      0x36e /usr/lib/gcc/arm-none-eabi/13.2.1/../../../arm-none-eabi/lib/thumb/v7-m/nofp/libc_nano.a(libc_a-nano-vfprintf.o)